<html>
<body>
<pre>
<h1>µVision Build Log</h1>
<h2>Tool Versions:</h2>
IDE-Version: ¦ÌVision V5.35.0.0
Copyright (C) 2021 ARM Ltd and ARM Germany GmbH. All rights reserved.
License Information: 1 1, 1, LIC=UJWP0-B8KSW-2ZQW4-FDZY5-X2RWC-2ILJY
 
Tool Versions:
Toolchain:       MDK-ARM Plus  Version: 5.38.0.0
Toolchain Path:  C:\Keil_v5\ARM\ARMCC\Bin
C Compiler:      Armcc.exe V5.06 update 7 (build 960)
Assembler:       Armasm.exe V5.06 update 7 (build 960)
Linker/Locator:  ArmLink.exe V5.06 update 7 (build 960)
Library Manager: ArmAr.exe V5.06 update 7 (build 960)
Hex Converter:   FromElf.exe V5.06 update 7 (build 960)
CPU DLL:         SARMCM3.DLL V5.38.0.0
Dialog DLL:      DCM.DLL V1.17.5.0
Target DLL:      STLink\ST-LINKIII-KEIL_SWO.dll V3.1.0.0
Dialog DLL:      TCM.DLL V1.56.4.0
 
<h2>Project:</h2>
c:\Users\ZZZ\Desktop\STM32\2.LED\LED.uvprojx
Project File Date:  11/25/2023

<h2>Output:</h2>
*** Using Compiler 'V5.06 update 7 (build 960)', folder: 'C:\Keil_v5\ARM\ARMCC\Bin'
Rebuild target 'Target 1'
assembling startup_stm32f10x_md.s...
compiling core_cm3.c...
compiling stm32f10x_crc.c...
compiling stm32f10x_can.c...
compiling misc.c...
compiling stm32f10x_cec.c...
compiling stm32f10x_adc.c...
compiling stm32f10x_bkp.c...
compiling stm32f10x_dbgmcu.c...
compiling system_stm32f10x.c...
compiling stm32f10x_dma.c...
compiling stm32f10x_dac.c...
compiling stm32f10x_exti.c...
compiling stm32f10x_flash.c...
compiling stm32f10x_fsmc.c...
compiling stm32f10x_rtc.c...
compiling stm32f10x_i2c.c...
compiling stm32f10x_pwr.c...
compiling stm32f10x_iwdg.c...
compiling stm32f10x_gpio.c...
compiling stm32f10x_spi.c...
compiling stm32f10x_sdio.c...
compiling stm32f10x_rcc.c...
compiling stm32f10x_usart.c...
compiling stm32f10x_tim.c...
compiling stm32f10x_wwdg.c...
compiling Delay.c...
compiling LED.c...
compiling sys.c...
compiling KEY.c...
compiling mui.c...
compiling DH11.c...
compiling stm32f10x_it.c...
compiling OLED.c...
compiling DHT11.c...
compiling bsp_usart.c...
compiling main.c...
USER\main.c(38): warning:  #167-D: argument of type "uint8_t *" is incompatible with parameter of type "const char *"
  	BL_SendArr(USART2, initMessage, strlen(initMessage), 0);
USER\main.c(70): warning:  #167-D: argument of type "uint8_t" is incompatible with parameter of type "const char *"
  			char* recChar = ChaRecv(cha);
USER\main.c: 2 warnings, 0 errors
compiling function.c...
compiling u8g2_arc.c...
compiling mui_u8g2.c...
compiling u8g2_cleardisplay.c...
compiling u8g2_box.c...
compiling u8g2_buffer.c...
compiling u8g2_button.c...
compiling u8g2_circle.c...
compiling u8g2_bitmap.c...
compiling u8g2_font.c...
compiling u8g2_d_memory.c...
compiling u8g2_hvline.c...
compiling u8g2_line.c...
compiling u8g2_ll_hvline.c...
compiling u8g2_input_value.c...
compiling u8g2_polygon.c...
compiling u8g2_selection_list.c...
compiling u8g2_kerning.c...
compiling u8g2_setup.c...
u8g2\u8g2_setup.c(469): warning:  #1-D: last line of file ends without a newline
    
u8g2\u8g2_setup.c: 1 warning, 0 errors
compiling u8g2_intersection.c...
compiling u8g2_message.c...
compiling u8log.c...
compiling u8x8_8x8.c...
compiling u8log_u8x8.c...
compiling u8x8_byte.c...
compiling u8x8_cad.c...
compiling u8x8_capture.c...
u8g2\u8x8_capture.c(254): warning:  #1-D: last line of file ends without a newline
  #endif
u8g2\u8x8_capture.c: 1 warning, 0 errors
compiling u8log_u8g2.c...
compiling u8x8_d_gp1247ai.c...
compiling u8x8_d_gp1287ai.c...
compiling u8x8_d_gp1294ai.c...
compiling u8x8_d_a2printer.c...
u8g2\u8x8_d_a2printer.c(182): warning:  #1-D: last line of file ends without a newline
    
u8g2\u8x8_d_a2printer.c: 1 warning, 0 errors
compiling u8x8_d_gu800.c...
compiling u8x8_d_hd44102.c...
compiling u8x8_d_il3820_296x128.c...
u8g2\u8x8_d_il3820_296x128.c(43): warning:  #2532-D: support for trigraphs is disabled
      bit 5:	Load Temparture Value (???)
u8g2\u8x8_d_il3820_296x128.c: 1 warning, 0 errors
compiling u8x8_d_ist7920.c...
compiling u8x8_d_ist3088.c...
compiling u8x8_d_ist3020.c...
compiling u8x8_d_ks0108.c...
compiling u8x8_d_ld7032_60x32.c...
compiling u8x8_d_max7219.c...
compiling u8x8_d_ls013b7dh03.c...
compiling u8x8_d_lc7981.c...
compiling u8x8_d_pcd8544_84x48.c...
compiling u8x8_d_pcf8812.c...
compiling u8x8_d_s1d15300.c...
compiling u8x8_d_pcf8814_hx1230.c...
compiling u8x8_d_s1d15721.c...
compiling u8x8_d_s1d15e06.c...
compiling u8x8_d_sh1106_64x32.c...
compiling u8x8_d_sbn1661.c...
compiling u8x8_d_sh1106_72x40.c...
compiling u8x8_d_sh1107.c...
compiling u8x8_d_sed1330.c...
u8g2\u8x8_d_sed1330.c(384): warning:  #2532-D: support for trigraphs is disabled
  /* 256x128 Hyundai HG25604  (HG25504???) */
u8g2\u8x8_d_sed1330.c: 1 warning, 0 errors
compiling u8x8_d_sh1108.c...
compiling u8g2_d_setup.c...
compiling u8x8_d_sh1122.c...
compiling u8x8_d_st7511.c...
compiling u8x8_d_ssd1306_128x64_noname.c...
compiling u8x8_d_st7528.c...
u8g2\u8x8_d_st7528.c(124): warning:  #111-D: statement is unreachable
        break;
u8g2\u8x8_d_st7528.c: 1 warning, 0 errors
compiling u8x8_d_st7565.c...
compiling u8x8_d_st7571.c...
compiling u8x8_d_st7539.c...
compiling u8x8_d_st7567.c...
compiling u8x8_d_st7586s_jlx320160.c...
compiling u8x8_d_st7586s_jlx384160.c...
compiling u8x8_d_st7586s_erc240160.c...
compiling u8x8_d_st7586s_s028hn118a.c...
compiling u8x8_d_st75160.c...
compiling u8x8_d_st75320.c...
compiling u8x8_d_st7920.c...
u8g2\u8x8_d_st7920.c(372): warning:  #1-D: last line of file ends without a newline
  }
u8g2\u8x8_d_st7920.c: 1 warning, 0 errors
compiling u8x8_d_stdio.c...
compiling u8x8_d_st7588.c...
compiling u8x8_d_st75256.c...
compiling u8x8_d_st7586s_ymc240160.c...
compiling u8x8_d_t6963.c...
u8g2\u8x8_d_t6963.c(645): warning:  #1-D: last line of file ends without a newline
    
u8g2\u8x8_d_t6963.c: 1 warning, 0 errors
compiling u8x8_d_uc1601.c...
compiling u8x8_d_uc1604.c...
compiling u8x8_d_uc1610.c...
compiling u8x8_d_uc1609.c...
compiling u8x8_d_uc1608.c...
compiling u8x8_d_uc1617.c...
compiling u8x8_d_uc1638.c...
compiling u8x8_d_uc1701_mini12864.c...
compiling u8x8_d_uc1701_dogs102.c...
compiling u8x8_debounce.c...
compiling u8x8_d_uc1611.c...
compiling u8x8_d_uc1628.c...
compiling u8x8_display.c...
u8g2\u8x8_display.c(203): warning:  #1-D: last line of file ends without a newline
  }
u8g2\u8x8_display.c: 1 warning, 0 errors
compiling u8g2_fonts.c...
compiling u8x8_input_value.c...
compiling u8x8_gpio.c...
u8g2\u8x8_gpio.c(50): warning:  #1-D: last line of file ends without a newline
  */
u8g2\u8x8_gpio.c: 1 warning, 0 errors
compiling u8x8_selection_list.c...
compiling u8x8_string.c...
compiling u8x8_fonts.c...
compiling u8x8_d_ssd1305.c...
compiling u8x8_d_ssd1306_48x64.c...
compiling u8x8_u8toa.c...
compiling u8x8_u16toa.c...
u8g2\u8x8_u16toa.c(77): warning:  #1-D: last line of file ends without a newline
  }
u8g2\u8x8_u16toa.c: 1 warning, 0 errors
compiling u8x8_setup.c...
compiling u8x8_d_ssd1306_64x32.c...
compiling u8x8_message.c...
compiling u8x8_d_ssd1306_64x48.c...
compiling u8x8_d_ssd1306_72x40.c...
compiling u8x8_d_ssd1306_96x16.c...
compiling u8x8_d_ssd1306_96x40.c...
compiling u8x8_d_ssd1316.c...
compiling u8x8_d_ssd1306_128x32.c...
compiling u8x8_d_ssd1306_2040x16.c...
compiling u8x8_d_ssd1309.c...
compiling u8x8_d_ssd1318.c...
compiling u8x8_d_ssd1317.c...
compiling u8x8_d_ssd1322.c...
compiling u8x8_d_ssd1325.c...
compiling u8x8_d_ssd1320.c...
compiling u8x8_d_ssd1326.c...
compiling u8x8_d_ssd1327.c...
compiling u8x8_d_ssd1606_172x72.c...
u8g2-master\csrc\u8x8_d_ssd1606_172x72.c(43): warning:  #2532-D: support for trigraphs is disabled
      bit 5:	Load Temparture Value (???)
u8g2-master\csrc\u8x8_d_ssd1606_172x72.c: 1 warning, 0 errors
compiling u8x8_d_ssd1329.c...
compiling u8x8_d_ssd1607_200x200.c...
u8g2-master\csrc\u8x8_d_ssd1607_200x200.c(43): warning:  #2532-D: support for trigraphs is disabled
      bit 5:	Load Temparture Value (???)
u8g2-master\csrc\u8x8_d_ssd1607_200x200.c: 1 warning, 0 errors
compiling u8x8_d_ssd1362.c...
linking...
Program Size: Code=5724 RO-data=1788 RW-data=260 ZI-data=1836  
".\Objects\LED.axf" - 0 Error(s), 15 Warning(s).

<h2>Software Packages used:</h2>

Package Vendor: Keil
                https://www.keil.com/pack/Keil.STM32F1xx_DFP.2.4.1.pack
                Keil.STM32F1xx_DFP.2.4.1
                STMicroelectronics STM32F1 Series Device Support, Drivers and Examples

<h2>Collection of Component include folders:</h2>
  C:\Users\ZZZ\AppData\Local\Arm\Packs\Keil\STM32F1xx_DFP\2.4.1\Device\Include

<h2>Collection of Component Files used:</h2>
Build Time Elapsed:  00:00:09
</pre>
</body>
</html>
