Component: ARM Compiler 5.06 update 7 (build 960) Tool: armlink [4d3601]

==============================================================================

Section Cross References

    system_stm32f10x.o(i.SetSysClock) refers to system_stm32f10x.o(i.SetSysClockTo72) for SetSysClockTo72
    system_stm32f10x.o(i.SystemCoreClockUpdate) refers to system_stm32f10x.o(.data) for SystemCoreClock
    system_stm32f10x.o(i.SystemInit) refers to system_stm32f10x.o(i.SetSysClock) for SetSysClock
    startup_stm32f10x_md.o(STACK) refers (Special) to heapauxi.o(.text) for __use_two_region_memory
    startup_stm32f10x_md.o(HEAP) refers (Special) to heapauxi.o(.text) for __use_two_region_memory
    startup_stm32f10x_md.o(RESET) refers (Special) to heapauxi.o(.text) for __use_two_region_memory
    startup_stm32f10x_md.o(RESET) refers to startup_stm32f10x_md.o(STACK) for __initial_sp
    startup_stm32f10x_md.o(RESET) refers to startup_stm32f10x_md.o(.text) for Reset_Handler
    startup_stm32f10x_md.o(RESET) refers to stm32f10x_it.o(i.NMI_Handler) for NMI_Handler
    startup_stm32f10x_md.o(RESET) refers to stm32f10x_it.o(i.HardFault_Handler) for HardFault_Handler
    startup_stm32f10x_md.o(RESET) refers to stm32f10x_it.o(i.MemManage_Handler) for MemManage_Handler
    startup_stm32f10x_md.o(RESET) refers to stm32f10x_it.o(i.BusFault_Handler) for BusFault_Handler
    startup_stm32f10x_md.o(RESET) refers to stm32f10x_it.o(i.UsageFault_Handler) for UsageFault_Handler
    startup_stm32f10x_md.o(RESET) refers to stm32f10x_it.o(i.SVC_Handler) for SVC_Handler
    startup_stm32f10x_md.o(RESET) refers to stm32f10x_it.o(i.DebugMon_Handler) for DebugMon_Handler
    startup_stm32f10x_md.o(RESET) refers to stm32f10x_it.o(i.PendSV_Handler) for PendSV_Handler
    startup_stm32f10x_md.o(RESET) refers to stm32f10x_it.o(i.SysTick_Handler) for SysTick_Handler
    startup_stm32f10x_md.o(RESET) refers to bsp_usart.o(i.EXTI1_IRQHandler) for EXTI1_IRQHandler
    startup_stm32f10x_md.o(RESET) refers to timer.o(i.TIM2_IRQHandler) for TIM2_IRQHandler
    startup_stm32f10x_md.o(RESET) refers to bsp_usart.o(i.USART2_IRQHandler) for USART2_IRQHandler
    startup_stm32f10x_md.o(.text) refers (Special) to heapauxi.o(.text) for __use_two_region_memory
    startup_stm32f10x_md.o(.text) refers to system_stm32f10x.o(i.SystemInit) for SystemInit
    startup_stm32f10x_md.o(.text) refers to __main.o(!!!main) for __main
    startup_stm32f10x_md.o(.text) refers to startup_stm32f10x_md.o(HEAP) for Heap_Mem
    startup_stm32f10x_md.o(.text) refers to startup_stm32f10x_md.o(STACK) for Stack_Mem
    stm32f10x_adc.o(i.ADC_DeInit) refers to stm32f10x_rcc.o(i.RCC_APB2PeriphResetCmd) for RCC_APB2PeriphResetCmd
    stm32f10x_bkp.o(i.BKP_DeInit) refers to stm32f10x_rcc.o(i.RCC_BackupResetCmd) for RCC_BackupResetCmd
    stm32f10x_can.o(i.CAN_DeInit) refers to stm32f10x_rcc.o(i.RCC_APB1PeriphResetCmd) for RCC_APB1PeriphResetCmd
    stm32f10x_can.o(i.CAN_GetITStatus) refers to stm32f10x_can.o(i.CheckITStatus) for CheckITStatus
    stm32f10x_cec.o(i.CEC_DeInit) refers to stm32f10x_rcc.o(i.RCC_APB1PeriphResetCmd) for RCC_APB1PeriphResetCmd
    stm32f10x_dac.o(i.DAC_DeInit) refers to stm32f10x_rcc.o(i.RCC_APB1PeriphResetCmd) for RCC_APB1PeriphResetCmd
    stm32f10x_flash.o(i.FLASH_EnableWriteProtection) refers to stm32f10x_flash.o(i.FLASH_WaitForLastOperation) for FLASH_WaitForLastOperation
    stm32f10x_flash.o(i.FLASH_EraseAllBank1Pages) refers to stm32f10x_flash.o(i.FLASH_WaitForLastBank1Operation) for FLASH_WaitForLastBank1Operation
    stm32f10x_flash.o(i.FLASH_EraseAllPages) refers to stm32f10x_flash.o(i.FLASH_WaitForLastOperation) for FLASH_WaitForLastOperation
    stm32f10x_flash.o(i.FLASH_EraseOptionBytes) refers to stm32f10x_flash.o(i.FLASH_GetReadOutProtectionStatus) for FLASH_GetReadOutProtectionStatus
    stm32f10x_flash.o(i.FLASH_EraseOptionBytes) refers to stm32f10x_flash.o(i.FLASH_WaitForLastOperation) for FLASH_WaitForLastOperation
    stm32f10x_flash.o(i.FLASH_ErasePage) refers to stm32f10x_flash.o(i.FLASH_WaitForLastOperation) for FLASH_WaitForLastOperation
    stm32f10x_flash.o(i.FLASH_ProgramHalfWord) refers to stm32f10x_flash.o(i.FLASH_WaitForLastOperation) for FLASH_WaitForLastOperation
    stm32f10x_flash.o(i.FLASH_ProgramOptionByteData) refers to stm32f10x_flash.o(i.FLASH_WaitForLastOperation) for FLASH_WaitForLastOperation
    stm32f10x_flash.o(i.FLASH_ProgramWord) refers to stm32f10x_flash.o(i.FLASH_WaitForLastOperation) for FLASH_WaitForLastOperation
    stm32f10x_flash.o(i.FLASH_ReadOutProtection) refers to stm32f10x_flash.o(i.FLASH_WaitForLastOperation) for FLASH_WaitForLastOperation
    stm32f10x_flash.o(i.FLASH_UserOptionByteConfig) refers to stm32f10x_flash.o(i.FLASH_WaitForLastOperation) for FLASH_WaitForLastOperation
    stm32f10x_flash.o(i.FLASH_WaitForLastBank1Operation) refers to stm32f10x_flash.o(i.FLASH_GetBank1Status) for FLASH_GetBank1Status
[...]
    u8g2_font_ncenR14_tr                     0x087ed321   Data        2049  u8g2_fonts.o(.constdata)
    u8g2_font_ncenR14_tn                     0x087edb22   Data         309  u8g2_fonts.o(.constdata)
    u8g2_font_ncenR14_te                     0x087edc57   Data       11660  u8g2_fonts.o(.constdata)
    u8g2_font_ncenR18_tf                     0x087f09e3   Data        5617  u8g2_fonts.o(.constdata)
    u8g2_font_ncenR18_tr                     0x087f1fd4   Data        2603  u8g2_fonts.o(.constdata)
    u8g2_font_ncenR18_tn                     0x087f29ff   Data         401  u8g2_fonts.o(.constdata)
    u8g2_font_ncenR18_te                     0x087f2b90   Data       14756  u8g2_fonts.o(.constdata)
    u8g2_font_ncenR24_tf                     0x087f6534   Data        7969  u8g2_fonts.o(.constdata)
    u8g2_font_ncenR24_tr                     0x087f8455   Data        3715  u8g2_fonts.o(.constdata)
    u8g2_font_ncenR24_tn                     0x087f92d8   Data         537  u8g2_fonts.o(.constdata)
    u8g2_font_ncenR24_te                     0x087f94f1   Data       21565  u8g2_fonts.o(.constdata)
    u8g2_font_timB08_tf                      0x087fe92e   Data        2202  u8g2_fonts.o(.constdata)
    u8g2_font_timB08_tr                      0x087ff1c8   Data        1036  u8g2_fonts.o(.constdata)
    u8g2_font_timB08_tn                      0x087ff5d4   Data         180  u8g2_fonts.o(.constdata)
    u8g2_font_timB10_tf                      0x087ff688   Data        3021  u8g2_fonts.o(.constdata)
    u8g2_font_timB10_tr                      0x08800255   Data        1405  u8g2_fonts.o(.constdata)
    u8g2_font_timB10_tn                      0x088007d2   Data         231  u8g2_fonts.o(.constdata)
    u8g2_font_timB12_tf                      0x088008b9   Data        3413  u8g2_fonts.o(.constdata)
    u8g2_font_timB12_tr                      0x0880160e   Data        1593  u8g2_fonts.o(.constdata)
    u8g2_font_timB12_tn                      0x08801c47   Data         256  u8g2_fonts.o(.constdata)
    u8g2_font_timB14_tf                      0x08801d47   Data        3832  u8g2_fonts.o(.constdata)
    u8g2_font_timB14_tr                      0x08802c3f   Data        1774  u8g2_fonts.o(.constdata)
    u8g2_font_timB14_tn                      0x0880332d   Data         287  u8g2_fonts.o(.constdata)
    u8g2_font_timB18_tf                      0x0880344c   Data        5401  u8g2_fonts.o(.constdata)
    u8g2_font_timB18_tr                      0x08804965   Data        2524  u8g2_fonts.o(.constdata)
    u8g2_font_timB18_tn                      0x08805341   Data         414  u8g2_fonts.o(.constdata)
    u8g2_font_timB24_tf                      0x088054df   Data        7489  u8g2_fonts.o(.constdata)
    u8g2_font_timB24_tr                      0x08807220   Data        3408  u8g2_fonts.o(.constdata)
    u8g2_font_timB24_tn                      0x08807f70   Data         499  u8g2_fonts.o(.constdata)
    u8g2_font_timR08_tf                      0x08808163   Data        2090  u8g2_fonts.o(.constdata)
    u8g2_font_timR08_tr                      0x0880898d   Data         995  u8g2_fonts.o(.constdata)
    u8g2_font_timR08_tn                      0x08808d70   Data         180  u8g2_fonts.o(.constdata)
    u8g2_font_timR10_tf                      0x08808e24   Data        2948  u8g2_fonts.o(.constdata)
    u8g2_font_timR10_tr                      0x088099a8   Data        1361  u8g2_fonts.o(.constdata)
    u8g2_font_timR10_tn                      0x08809ef9   Data         226  u8g2_fonts.o(.constdata)
    u8g2_font_timR12_tf                      0x08809fdb   Data        3315  u8g2_fonts.o(.constdata)
    u8g2_font_timR12_tr                      0x0880acce   Data        1530  u8g2_fonts.o(.constdata)
    u8g2_font_timR12_tn                      0x0880b2c8   Data         244  u8g2_fonts.o(.constdata)
    u8g2_font_timR14_tf                      0x0880b3bc   Data        3951  u8g2_fonts.o(.constdata)
    u8g2_font_timR14_tr                      0x0880c32b   Data        1839  u8g2_fonts.o(.constdata)
    u8g2_font_timR14_tn                      0x0880ca5a   Data         285  u8g2_fonts.o(.constdata)
    u8g2_font_timR18_tf                      0x0880cb77   Data        5164  u8g2_fonts.o(.constdata)
    u8g2_font_timR18_tr                      0x0880dfa3   Data        2411  u8g2_fonts.o(.constdata)
    u8g2_font_timR18_tn                      0x0880e90e   Data         363  u8g2_fonts.o(.constdata)
    u8g2_font_timR24_tf                      0x0880ea79   Data        7309  u8g2_fonts.o(.constdata)
    u8g2_font_timR24_tr                      0x08810706   Data        3337  u8g2_fonts.o(.constdata)
    u8g2_font_timR24_tn                      0x0881140f   Data         484  u8g2_fonts.o(.constdata)
    u8g2_font_lubB08_tf                      0x088115f3   Data        2637  u8g2_fonts.o(.constdata)
    u8g2_font_lubB08_tr                      0x08812040   Data        1258  u8g2_fonts.o(.constdata)
    u8g2_font_lubB08_tn                      0x0881252a   Data         221  u8g2_fonts.o(.constdata)
    u8g2_font_lubB08_te                      0x08812607   Data        7022  u8g2_fonts.o(.constdata)
    u8g2_font_lubB10_tf                      0x08814175   Data        3143  u8g2_fonts.o(.constdata)
    u8g2_font_lubB10_tr                      0x08814dbc   Data        1488  u8g2_fonts.o(.constdata)
    u8g2_font_lubB10_tn                      0x0881538c   Data         256  u8g2_fonts.o(.constdata)
    u8g2_font_lubB10_te                      0x0881548c   Data        8438  u8g2_fonts.o(.constdata)
    u8g2_font_lubB12_tf                      0x08817582   Data        3999  u8g2_fonts.o(.constdata)
    u8g2_font_lubB12_tr                      0x08818521   Data        1896  u8g2_fonts.o(.constdata)
    u8g2_font_lubB12_tn                      0x08818c89   Data         314  u8g2_fonts.o(.constdata)
    u8g2_font_lubB12_te                      0x08818dc3   Data       10555  u8g2_fonts.o(.constdata)
    u8g2_font_lubB14_tf                      0x0881b6fe   Data        4540  u8g2_fonts.o(.constdata)
    u8g2_font_lubB14_tr                      0x0881c8ba   Data        2125  u8g2_fonts.o(.constdata)
    u8g2_font_lubB14_tn                      0x0881d107   Data         342  u8g2_fonts.o(.constdata)
    u8g2_font_lubB14_te                      0x0881d25d   Data       11799  u8g2_fonts.o(.constdata)
    u8g2_font_lubB18_tf                      0x08820074   Data        5660  u8g2_fonts.o(.constdata)
    u8g2_font_lubB18_tr                      0x08821690   Data        2597  u8g2_fonts.o(.constdata)
    u8g2_font_lubB18_tn                      0x088220b5   Data         427  u8g2_fonts.o(.constdata)
    u8g2_font_lubB18_te                      0x08822260   Data       14873  u8g2_fonts.o(.constdata)
    u8g2_font_lubB19_tf                      0x08825c79   Data        6081  u8g2_fonts.o(.constdata)
    u8g2_font_lubB19_tr                      0x0882743a   Data        2780  u8g2_fonts.o(.constdata)
    u8g2_font_lubB19_tn                      0x08827f16   Data         443  u8g2_fonts.o(.constdata)
    u8g2_font_lubB19_te                      0x088280d1   Data       15999  u8g2_fonts.o(.constdata)
    u8g2_font_lubB24_tf                      0x0882bf50   Data        8164  u8g2_fonts.o(.constdata)
    u8g2_font_lubB24_tr                      0x0882df34   Data        3798  u8g2_fonts.o(.constdata)
    u8g2_font_lubB24_tn                      0x0882ee0a   Data         571  u8g2_fonts.o(.constdata)
    u8g2_font_lubB24_te                      0x0882f045   Data       21363  u8g2_fonts.o(.constdata)
    u8g2_font_lubBI08_tf                     0x088343b8   Data        2788  u8g2_fonts.o(.constdata)
    u8g2_font_lubBI08_tr                     0x08834e9c   Data        1324  u8g2_fonts.o(.constdata)
    u8g2_font_lubBI08_tn                     0x088353c8   Data         234  u8g2_fonts.o(.constdata)
    u8g2_font_lubBI08_te                     0x088354b2   Data        6892  u8g2_fonts.o(.constdata)
    u8g2_font_lubBI10_tf                     0x08836f9e   Data        3353  u8g2_fonts.o(.constdata)
    u8g2_font_lubBI10_tr                     0x08837cb7   Data        1599  u8g2_fonts.o(.constdata)
    u8g2_font_lubBI10_tn                     0x088382f6   Data         283  u8g2_fonts.o(.constdata)
    u8g2_font_lubBI10_te                     0x08838411   Data        8337  u8g2_fonts.o(.constdata)
    u8g2_font_lubBI12_tf                     0x0883a4a2   Data        4283  u8g2_fonts.o(.constdata)
    u8g2_font_lubBI12_tr                     0x0883b55d   Data        2036  u8g2_fonts.o(.constdata)
    u8g2_font_lubBI12_tn                     0x0883bd51   Data         341  u8g2_fonts.o(.constdata)
    u8g2_font_lubBI12_te                     0x0883bea6   Data       10456  u8g2_fonts.o(.constdata)
    u8g2_font_lubBI14_tf                     0x0883e77e   Data        5067  u8g2_fonts.o(.constdata)
    u8g2_font_lubBI14_tr                     0x0883fb49   Data        2368  u8g2_fonts.o(.constdata)
    u8g2_font_lubBI14_tn                     0x08840489   Data         384  u8g2_fonts.o(.constdata)
    u8g2_font_lubBI14_te                     0x08840609   Data       12277  u8g2_fonts.o(.constdata)
    u8g2_font_lubBI18_tf                     0x088435fe   Data        6167  u8g2_fonts.o(.constdata)
    u8g2_font_lubBI18_tr                     0x08844e15   Data        2861  u8g2_fonts.o(.constdata)
    u8g2_font_lubBI18_tn                     0x08845942   Data         461  u8g2_fonts.o(.constdata)
    u8g2_font_lubBI18_te                     0x08845b0f   Data       15117  u8g2_fonts.o(.constdata)
    u8g2_font_lubBI19_tf                     0x0884961c   Data        6461  u8g2_fonts.o(.constdata)
    u8g2_font_lubBI19_tr                     0x0884af59   Data        2976  u8g2_fonts.o(.constdata)
    u8g2_font_lubBI19_tn                     0x0884baf9   Data         475  u8g2_fonts.o(.constdata)
    u8g2_font_lubBI19_te                     0x0884bcd4   Data       15830  u8g2_fonts.o(.constdata)
    u8g2_font_lubBI24_tf                     0x0884faaa   Data        9300  u8g2_fonts.o(.constdata)
    u8g2_font_lubBI24_tr                     0x08851efe   Data        4334  u8g2_fonts.o(.constdata)
    u8g2_font_lubBI24_tn                     0x08852fec   Data         665  u8g2_fonts.o(.constdata)
    u8g2_font_lubBI24_te                     0x08853285   Data       22784  u8g2_fonts.o(.constdata)
    u8g2_font_lubI08_tf                      0x08858b85   Data        2730  u8g2_fonts.o(.constdata)
    u8g2_font_lubI08_tr                      0x0885962f   Data        1303  u8g2_fonts.o(.constdata)
    u8g2_font_lubI08_tn                      0x08859b46   Data         236  u8g2_fonts.o(.constdata)
    u8g2_font_lubI08_te                      0x08859c32   Data        6756  u8g2_fonts.o(.constdata)
    u8g2_font_lubI10_tf                      0x0885b696   Data        3217  u8g2_fonts.o(.constdata)
    u8g2_font_lubI10_tr                      0x0885c327   Data        1534  u8g2_fonts.o(.constdata)
    u8g2_font_lubI10_tn                      0x0885c925   Data         275  u8g2_fonts.o(.constdata)
    u8g2_font_lubI10_te                      0x0885ca38   Data        8036  u8g2_fonts.o(.constdata)
    u8g2_font_lubI12_tf                      0x0885e99c   Data        4161  u8g2_fonts.o(.constdata)
    u8g2_font_lubI12_tr                      0x0885f9dd   Data        1982  u8g2_fonts.o(.constdata)
    u8g2_font_lubI12_tn                      0x0886019b   Data         335  u8g2_fonts.o(.constdata)
    u8g2_font_lubI12_te                      0x088602ea   Data       10199  u8g2_fonts.o(.constdata)
    u8g2_font_lubI14_tf                      0x08862ac1   Data        4968  u8g2_fonts.o(.constdata)
    u8g2_font_lubI14_tr                      0x08863e29   Data        2328  u8g2_fonts.o(.constdata)
    u8g2_font_lubI14_tn                      0x08864741   Data         367  u8g2_fonts.o(.constdata)
    u8g2_font_lubI14_te                      0x088648b0   Data       12137  u8g2_fonts.o(.constdata)
    u8g2_font_lubI18_tf                      0x08867819   Data        6004  u8g2_fonts.o(.constdata)
    u8g2_font_lubI18_tr                      0x08868f8d   Data        2790  u8g2_fonts.o(.constdata)
    u8g2_font_lubI18_tn                      0x08869a73   Data         444  u8g2_fonts.o(.constdata)
    u8g2_font_lubI18_te                      0x08869c2f   Data       14770  u8g2_fonts.o(.constdata)
    u8g2_font_lubI19_tf                      0x0886d5e1   Data        6326  u8g2_fonts.o(.constdata)
    u8g2_font_lubI19_tr                      0x0886ee97   Data        2953  u8g2_fonts.o(.constdata)
    u8g2_font_lubI19_tn                      0x0886fa20   Data         470  u8g2_fonts.o(.constdata)
    u8g2_font_lubI19_te                      0x0886fbf6   Data       15506  u8g2_fonts.o(.constdata)
    u8g2_font_lubI24_tf                      0x08873888   Data        9064  u8g2_fonts.o(.constdata)
    u8g2_font_lubI24_tr                      0x08875bf0   Data        4208  u8g2_fonts.o(.constdata)
    u8g2_font_lubI24_tn                      0x08876c60   Data         634  u8g2_fonts.o(.constdata)
    u8g2_font_lubI24_te                      0x08876eda   Data       21878  u8g2_fonts.o(.constdata)
    u8g2_font_luBIS08_tf                     0x0887c450   Data        2627  u8g2_fonts.o(.constdata)
    u8g2_font_luBIS08_tr                     0x0887ce93   Data        1288  u8g2_fonts.o(.constdata)
    u8g2_font_luBIS08_tn                     0x0887d39b   Data         234  u8g2_fonts.o(.constdata)
    u8g2_font_luBIS08_te                     0x0887d485   Data        6455  u8g2_fonts.o(.constdata)
    u8g2_font_luBIS10_tf                     0x0887edbc   Data        3255  u8g2_fonts.o(.constdata)
    u8g2_font_luBIS10_tr                     0x0887fa73   Data        1576  u8g2_fonts.o(.constdata)
    u8g2_font_luBIS10_tn                     0x0888009b   Data         281  u8g2_fonts.o(.constdata)
    u8g2_font_luBIS10_te                     0x088801b4   Data        8002  u8g2_fonts.o(.constdata)
    u8g2_font_luBIS12_tf                     0x088820f6   Data        4044  u8g2_fonts.o(.constdata)
    u8g2_font_luBIS12_tr                     0x088830c2   Data        1925  u8g2_fonts.o(.constdata)
    u8g2_font_luBIS12_tn                     0x08883847   Data         344  u8g2_fonts.o(.constdata)
    u8g2_font_luBIS12_te                     0x0888399f   Data        9891  u8g2_fonts.o(.constdata)
    u8g2_font_luBIS14_tf                     0x08886042   Data        4874  u8g2_fonts.o(.constdata)
    u8g2_font_luBIS14_tr                     0x0888734c   Data        2324  u8g2_fonts.o(.constdata)
    u8g2_font_luBIS14_tn                     0x08887c60   Data         376  u8g2_fonts.o(.constdata)
    u8g2_font_luBIS14_te                     0x08887dd8   Data       11803  u8g2_fonts.o(.constdata)
    u8g2_font_luBIS18_tf                     0x0888abf3   Data        5977  u8g2_fonts.o(.constdata)
    u8g2_font_luBIS18_tr                     0x0888c34c   Data        2806  u8g2_fonts.o(.constdata)
    u8g2_font_luBIS18_tn                     0x0888ce42   Data         451  u8g2_fonts.o(.constdata)
    u8g2_font_luBIS18_te                     0x0888d005   Data       14571  u8g2_fonts.o(.constdata)
    u8g2_font_luBIS19_tf                     0x088908f0   Data        6354  u8g2_fonts.o(.constdata)
    u8g2_font_luBIS19_tr                     0x088921c2   Data        2989  u8g2_fonts.o(.constdata)
    u8g2_font_luBIS19_tn                     0x08892d6f   Data         495  u8g2_fonts.o(.constdata)
    u8g2_font_luBIS19_te                     0x08892f5e   Data       15506  u8g2_fonts.o(.constdata)
    u8g2_font_luBIS24_tf                     0x08896bf0   Data        8873  u8g2_fonts.o(.constdata)
    u8g2_font_luBIS24_tr                     0x08898e99   Data        4160  u8g2_fonts.o(.constdata)
    u8g2_font_luBIS24_tn                     0x08899ed9   Data         664  u8g2_fonts.o(.constdata)
    u8g2_font_luBIS24_te                     0x0889a171   Data       21636  u8g2_fonts.o(.constdata)
    u8g2_font_lubR08_tf                      0x0889f5f5   Data        2530  u8g2_fonts.o(.constdata)
    u8g2_font_lubR08_tr                      0x0889ffd7   Data        1228  u8g2_fonts.o(.constdata)
    u8g2_font_lubR08_tn                      0x088a04a3   Data         216  u8g2_fonts.o(.constdata)
    u8g2_font_lubR08_te                      0x088a057b   Data        6672  u8g2_fonts.o(.constdata)
    u8g2_font_lubR10_tf                      0x088a1f8b   Data        2951  u8g2_fonts.o(.constdata)
    u8g2_font_lubR10_tr                      0x088a2b12   Data        1428  u8g2_fonts.o(.constdata)
    u8g2_font_lubR10_tn                      0x088a30a6   Data         252  u8g2_fonts.o(.constdata)
    u8g2_font_lubR10_te                      0x088a31a2   Data        7879  u8g2_fonts.o(.constdata)
    u8g2_font_lubR12_tf                      0x088a5069   Data        3847  u8g2_fonts.o(.constdata)
    u8g2_font_lubR12_tr                      0x088a5f70   Data        1849  u8g2_fonts.o(.constdata)
    u8g2_font_lubR12_tn                      0x088a66a9   Data         302  u8g2_fonts.o(.constdata)
    u8g2_font_lubR12_te                      0x088a67d7   Data       10074  u8g2_fonts.o(.constdata)
    u8g2_font_lubR14_tf                      0x088a8f31   Data        4597  u8g2_fonts.o(.constdata)
    u8g2_font_lubR14_tr                      0x088aa126   Data        2163  u8g2_fonts.o(.constdata)
    u8g2_font_lubR14_tn                      0x088aa999   Data         337  u8g2_fonts.o(.constdata)
    u8g2_font_lubR14_te                      0x088aaaea   Data       12011  u8g2_fonts.o(.constdata)
    u8g2_font_lubR18_tf                      0x088ad9d5   Data        5536  u8g2_fonts.o(.constdata)
    u8g2_font_lubR18_tr                      0x088aef75   Data        2563  u8g2_fonts.o(.constdata)
    u8g2_font_lubR18_tn                      0x088af978   Data         391  u8g2_fonts.o(.constdata)
    u8g2_font_lubR18_te                      0x088afaff   Data       14491  u8g2_fonts.o(.constdata)
    u8g2_font_lubR19_tf                      0x088b339a   Data        5781  u8g2_fonts.o(.constdata)
    u8g2_font_lubR19_tr                      0x088b4a2f   Data        2696  u8g2_fonts.o(.constdata)
    u8g2_font_lubR19_tn                      0x088b54b7   Data         413  u8g2_fonts.o(.constdata)
    u8g2_font_lubR19_te                      0x088b5654   Data       15174  u8g2_fonts.o(.constdata)
    u8g2_font_lubR24_tf                      0x088b919a   Data        8101  u8g2_fonts.o(.constdata)
    u8g2_font_lubR24_tr                      0x088bb13f   Data        3785  u8g2_fonts.o(.constdata)
    u8g2_font_lubR24_tn                      0x088bc008   Data         548  u8g2_fonts.o(.constdata)
    u8g2_font_lubR24_te                      0x088bc22c   Data       21247  u8g2_fonts.o(.constdata)
    u8g2_font_luBS08_tf                      0x088c152b   Data        2302  u8g2_fonts.o(.constdata)
    u8g2_font_luBS08_tr                      0x088c1e29   Data        1122  u8g2_fonts.o(.constdata)
    u8g2_font_luBS08_tn                      0x088c228b   Data         219  u8g2_fonts.o(.constdata)
    u8g2_font_luBS08_te                      0x088c2366   Data        5956  u8g2_fonts.o(.constdata)
    u8g2_font_luBS10_tf                      0x088c3aaa   Data        2829  u8g2_fonts.o(.constdata)
    u8g2_font_luBS10_tr                      0x088c45b7   Data        1360  u8g2_fonts.o(.constdata)
    u8g2_font_luBS10_tn                      0x088c4b07   Data         247  u8g2_fonts.o(.constdata)
    u8g2_font_luBS10_te                      0x088c4bfe   Data        7358  u8g2_fonts.o(.constdata)
    u8g2_font_luBS12_tf                      0x088c68bc   Data        3437  u8g2_fonts.o(.constdata)
    u8g2_font_luBS12_tr                      0x088c7629   Data        1647  u8g2_fonts.o(.constdata)
    u8g2_font_luBS12_tn                      0x088c7c98   Data         294  u8g2_fonts.o(.constdata)
    u8g2_font_luBS12_te                      0x088c7dbe   Data        8935  u8g2_fonts.o(.constdata)
    u8g2_font_luBS14_tf                      0x088ca0a5   Data        4171  u8g2_fonts.o(.constdata)
    u8g2_font_luBS14_tr                      0x088cb0f0   Data        1990  u8g2_fonts.o(.constdata)
    u8g2_font_luBS14_tn                      0x088cb8b6   Data         343  u8g2_fonts.o(.constdata)
    u8g2_font_luBS14_te                      0x088cba0d   Data       10541  u8g2_fonts.o(.constdata)
    u8g2_font_luBS18_tf                      0x088ce33a   Data        4895  u8g2_fonts.o(.constdata)
    u8g2_font_luBS18_tr                      0x088cf659   Data        2312  u8g2_fonts.o(.constdata)
    u8g2_font_luBS18_tn                      0x088cff61   Data         411  u8g2_fonts.o(.constdata)
    u8g2_font_luBS18_te                      0x088d00fc   Data       12504  u8g2_fonts.o(.constdata)
    u8g2_font_luBS19_tf                      0x088d31d4   Data        5077  u8g2_fonts.o(.constdata)
    u8g2_font_luBS19_tr                      0x088d45a9   Data        2414  u8g2_fonts.o(.constdata)
    u8g2_font_luBS19_tn                      0x088d4f17   Data         417  u8g2_fonts.o(.constdata)
    u8g2_font_luBS19_te                      0x088d50b8   Data       12937  u8g2_fonts.o(.constdata)
    u8g2_font_luBS24_tf                      0x088d8341   Data        7064  u8g2_fonts.o(.constdata)
    u8g2_font_luBS24_tr                      0x088d9ed9   Data        3295  u8g2_fonts.o(.constdata)
    u8g2_font_luBS24_tn                      0x088dabb8   Data         559  u8g2_fonts.o(.constdata)
    u8g2_font_luBS24_te                      0x088dade7   Data       18324  u8g2_fonts.o(.constdata)
    u8g2_font_luIS08_tf                      0x088df57b   Data        2528  u8g2_fonts.o(.constdata)
    u8g2_font_luIS08_tr                      0x088dff5b   Data        1231  u8g2_fonts.o(.constdata)
    u8g2_font_luIS08_tn                      0x088e042a   Data         220  u8g2_fonts.o(.constdata)
    u8g2_font_luIS08_te                      0x088e0506   Data        6165  u8g2_fonts.o(.constdata)
    u8g2_font_luIS10_tf                      0x088e1d1b   Data        3105  u8g2_fonts.o(.constdata)
    u8g2_font_luIS10_tr                      0x088e293c   Data        1480  u8g2_fonts.o(.constdata)
    u8g2_font_luIS10_tn                      0x088e2f04   Data         266  u8g2_fonts.o(.constdata)
    u8g2_font_luIS10_te                      0x088e300e   Data        7664  u8g2_fonts.o(.constdata)
    u8g2_font_luIS12_tf                      0x088e4dfe   Data        3957  u8g2_fonts.o(.constdata)
    u8g2_font_luIS12_tr                      0x088e5d73   Data        1850  u8g2_fonts.o(.constdata)
    u8g2_font_luIS12_tn                      0x088e64ad   Data         317  u8g2_fonts.o(.constdata)
    u8g2_font_luIS12_te                      0x088e65ea   Data        9753  u8g2_fonts.o(.constdata)
    u8g2_font_luIS14_tf                      0x088e8c03   Data        4826  u8g2_fonts.o(.constdata)
    u8g2_font_luIS14_tr                      0x088e9edd   Data        2253  u8g2_fonts.o(.constdata)
    u8g2_font_luIS14_tn                      0x088ea7aa   Data         359  u8g2_fonts.o(.constdata)
    u8g2_font_luIS14_te                      0x088ea911   Data       11757  u8g2_fonts.o(.constdata)
    u8g2_font_luIS18_tf                      0x088ed6fe   Data        5864  u8g2_fonts.o(.constdata)
    u8g2_font_luIS18_tr                      0x088eede6   Data        2736  u8g2_fonts.o(.constdata)
    u8g2_font_luIS18_tn                      0x088ef896   Data         432  u8g2_fonts.o(.constdata)
    u8g2_font_luIS18_te                      0x088efa46   Data       14224  u8g2_fonts.o(.constdata)
    u8g2_font_luIS19_tf                      0x088f31d6   Data        6124  u8g2_fonts.o(.constdata)
    u8g2_font_luIS19_tr                      0x088f49c2   Data        2867  u8g2_fonts.o(.constdata)
    u8g2_font_luIS19_tn                      0x088f54f5   Data         450  u8g2_fonts.o(.constdata)
    u8g2_font_luIS19_te                      0x088f56b7   Data       14896  u8g2_fonts.o(.constdata)
    u8g2_font_luIS24_tf                      0x088f90e7   Data        8604  u8g2_fonts.o(.constdata)
    u8g2_font_luIS24_tr                      0x088fb283   Data        4011  u8g2_fonts.o(.constdata)
    u8g2_font_luIS24_tn                      0x088fc22e   Data         618  u8g2_fonts.o(.constdata)
    u8g2_font_luIS24_te                      0x088fc498   Data       21253  u8g2_fonts.o(.constdata)
    u8g2_font_luRS08_tf                      0x0890179d   Data        2248  u8g2_fonts.o(.constdata)
    u8g2_font_luRS08_tr                      0x08902065   Data        1079  u8g2_fonts.o(.constdata)
    u8g2_font_luRS08_tn                      0x0890249c   Data         212  u8g2_fonts.o(.constdata)
    u8g2_font_luRS08_te                      0x08902570   Data        5866  u8g2_fonts.o(.constdata)
    u8g2_font_luRS10_tf                      0x08903c5a   Data        2702  u8g2_fonts.o(.constdata)
    u8g2_font_luRS10_tr                      0x089046e8   Data        1295  u8g2_fonts.o(.constdata)
    u8g2_font_luRS10_tn                      0x08904bf7   Data         244  u8g2_fonts.o(.constdata)
    u8g2_font_luRS10_te                      0x08904ceb   Data        7082  u8g2_fonts.o(.constdata)
    u8g2_font_luRS12_tf                      0x08906895   Data        3288  u8g2_fonts.o(.constdata)
    u8g2_font_luRS12_tr                      0x0890756d   Data        1530  u8g2_fonts.o(.constdata)
    u8g2_font_luRS12_tn                      0x08907b67   Data         285  u8g2_fonts.o(.constdata)
    u8g2_font_luRS12_te                      0x08907c84   Data        8547  u8g2_fonts.o(.constdata)
    u8g2_font_luRS14_tf                      0x08909de7   Data        3993  u8g2_fonts.o(.constdata)
    u8g2_font_luRS14_tr                      0x0890ad80   Data        1877  u8g2_fonts.o(.constdata)
    u8g2_font_luRS14_tn                      0x0890b4d5   Data         324  u8g2_fonts.o(.constdata)
    u8g2_font_luRS14_te                      0x0890b619   Data       10322  u8g2_fonts.o(.constdata)
    u8g2_font_luRS18_tf                      0x0890de6b   Data        4861  u8g2_fonts.o(.constdata)
    u8g2_font_luRS18_tr                      0x0890f168   Data        2273  u8g2_fonts.o(.constdata)
    u8g2_font_luRS18_tn                      0x0890fa49   Data         390  u8g2_fonts.o(.constdata)
    u8g2_font_luRS18_te                      0x0890fbcf   Data       12406  u8g2_fonts.o(.constdata)
    u8g2_font_luRS19_tf                      0x08912c45   Data        5069  u8g2_fonts.o(.constdata)
    u8g2_font_luRS19_tr                      0x08914012   Data        2379  u8g2_fonts.o(.constdata)
    u8g2_font_luRS19_tn                      0x0891495d   Data         413  u8g2_fonts.o(.constdata)
    u8g2_font_luRS19_te                      0x08914afa   Data       12955  u8g2_fonts.o(.constdata)
    u8g2_font_luRS24_tf                      0x08917d95   Data        6914  u8g2_fonts.o(.constdata)
    u8g2_font_luRS24_tr                      0x08919897   Data        3228  u8g2_fonts.o(.constdata)
    u8g2_font_luRS24_tn                      0x0891a533   Data         542  u8g2_fonts.o(.constdata)
    u8g2_font_luRS24_te                      0x0891a751   Data       17821  u8g2_fonts.o(.constdata)
    u8g2_font_baby_tf                        0x0891ecee   Data        1712  u8g2_fonts.o(.constdata)
    u8g2_font_baby_tr                        0x0891f39e   Data         771  u8g2_fonts.o(.constdata)
    u8g2_font_baby_tn                        0x0891f6a1   Data         160  u8g2_fonts.o(.constdata)
    u8g2_font_blipfest_07_tr                 0x0891f741   Data         540  u8g2_fonts.o(.constdata)
    u8g2_font_blipfest_07_tn                 0x0891f95d   Data         124  u8g2_fonts.o(.constdata)
    u8g2_font_chikita_tf                     0x0891f9d9   Data        1801  u8g2_fonts.o(.constdata)
    u8g2_font_chikita_tr                     0x089200e2   Data         827  u8g2_fonts.o(.constdata)
    u8g2_font_chikita_tn                     0x0892041d   Data         169  u8g2_fonts.o(.constdata)
    u8g2_font_lucasfont_alternate_tf         0x089204c6   Data        1731  u8g2_fonts.o(.constdata)
    u8g2_font_lucasfont_alternate_tr         0x08920b89   Data         901  u8g2_fonts.o(.constdata)
    u8g2_font_lucasfont_alternate_tn         0x08920f0e   Data         193  u8g2_fonts.o(.constdata)
    u8g2_font_p01type_tf                     0x08920fcf   Data         743  u8g2_fonts.o(.constdata)
    u8g2_font_p01type_tr                     0x089212b6   Data         668  u8g2_fonts.o(.constdata)
    u8g2_font_p01type_tn                     0x08921552   Data         140  u8g2_fonts.o(.constdata)
    u8g2_font_pixelle_micro_tr               0x089215de   Data         705  u8g2_fonts.o(.constdata)
    u8g2_font_pixelle_micro_tn               0x0892189f   Data         144  u8g2_fonts.o(.constdata)
    u8g2_font_robot_de_niro_tf               0x0892192f   Data         942  u8g2_fonts.o(.constdata)
    u8g2_font_robot_de_niro_tr               0x08921cdd   Data         739  u8g2_fonts.o(.constdata)
    u8g2_font_robot_de_niro_tn               0x08921fc0   Data         148  u8g2_fonts.o(.constdata)
    u8g2_font_trixel_square_tf               0x08922054   Data         764  u8g2_fonts.o(.constdata)
    u8g2_font_trixel_square_tr               0x08922350   Data         681  u8g2_fonts.o(.constdata)
    u8g2_font_trixel_square_tn               0x089225f9   Data         141  u8g2_fonts.o(.constdata)
    u8g2_font_haxrcorp4089_tr                0x08922686   Data         935  u8g2_fonts.o(.constdata)
    u8g2_font_haxrcorp4089_tn                0x08922a2d   Data         192  u8g2_fonts.o(.constdata)
    u8g2_font_haxrcorp4089_t_cyrillic        0x08922aed   Data        1696  u8g2_fonts.o(.constdata)
    u8g2_font_bubble_tr                      0x0892318d   Data        3085  u8g2_fonts.o(.constdata)
    u8g2_font_bubble_tn                      0x08923d9a   Data         610  u8g2_fonts.o(.constdata)
    u8g2_font_cardimon_pixel_tf              0x08923ffc   Data        5259  u8g2_fonts.o(.constdata)
    u8g2_font_cardimon_pixel_tr              0x08925487   Data        3203  u8g2_fonts.o(.constdata)
    u8g2_font_cardimon_pixel_tn              0x0892610a   Data         494  u8g2_fonts.o(.constdata)
    u8g2_font_maniac_tf                      0x089262f8   Data        9568  u8g2_fonts.o(.constdata)
    u8g2_font_maniac_tr                      0x08928858   Data        4190  u8g2_fonts.o(.constdata)
    u8g2_font_maniac_tn                      0x089298b6   Data         676  u8g2_fonts.o(.constdata)
    u8g2_font_maniac_te                      0x08929b5a   Data       24692  u8g2_fonts.o(.constdata)
    u8g2_font_lucasarts_scumm_subtitle_o_tf  0x0892fbce   Data        2284  u8g2_fonts.o(.constdata)
    u8g2_font_lucasarts_scumm_subtitle_o_tr  0x089304ba   Data        1890  u8g2_fonts.o(.constdata)
    u8g2_font_lucasarts_scumm_subtitle_o_tn  0x08930c1c   Data         372  u8g2_fonts.o(.constdata)
    u8g2_font_lucasarts_scumm_subtitle_r_tf  0x08930d90   Data        1544  u8g2_fonts.o(.constdata)
    u8g2_font_lucasarts_scumm_subtitle_r_tr  0x08931398   Data        1290  u8g2_fonts.o(.constdata)
    u8g2_font_lucasarts_scumm_subtitle_r_tn  0x089318a2   Data         237  u8g2_fonts.o(.constdata)
    u8g2_font_utopia24_tf                    0x0893198f   Data        5260  u8g2_fonts.o(.constdata)
    u8g2_font_utopia24_tr                    0x08932e1b   Data        2434  u8g2_fonts.o(.constdata)
    u8g2_font_utopia24_tn                    0x0893379d   Data         378  u8g2_fonts.o(.constdata)
    u8g2_font_utopia24_te                    0x08933917   Data       13947  u8g2_fonts.o(.constdata)
    u8g2_font_m_c_kids_nes_credits_font_tr   0x08936f92   Data        1505  u8g2_fonts.o(.constdata)
    u8g2_font_chargen_92_tf                  0x08937573   Data        3450  u8g2_fonts.o(.constdata)
    u8g2_font_chargen_92_tr                  0x089382ed   Data        1658  u8g2_fonts.o(.constdata)
    u8g2_font_chargen_92_tn                  0x08938967   Data         335  u8g2_fonts.o(.constdata)
    u8g2_font_chargen_92_te                  0x08938ab6   Data        3556  u8g2_fonts.o(.constdata)
    u8g2_font_chargen_92_mf                  0x0893989a   Data        4618  u8g2_fonts.o(.constdata)
    u8g2_font_chargen_92_mr                  0x0893aaa4   Data        2249  u8g2_fonts.o(.constdata)
    u8g2_font_chargen_92_mn                  0x0893b36d   Data         404  u8g2_fonts.o(.constdata)
    u8g2_font_chargen_92_me                  0x0893b501   Data        4759  u8g2_fonts.o(.constdata)
    u8g2_font_fub11_tf                       0x0893c798   Data        3160  u8g2_fonts.o(.constdata)
    u8g2_font_fub11_tr                       0x0893d3f0   Data        1487  u8g2_fonts.o(.constdata)
    u8g2_font_fub11_tn                       0x0893d9bf   Data         271  u8g2_fonts.o(.constdata)
    u8g2_font_fub14_tf                       0x0893dace   Data        3999  u8g2_fonts.o(.constdata)
    u8g2_font_fub14_tr                       0x0893ea6d   Data        1846  u8g2_fonts.o(.constdata)
    u8g2_font_fub14_tn                       0x0893f1a3   Data         332  u8g2_fonts.o(.constdata)
    u8g2_font_fub17_tf                       0x0893f2ef   Data        4718  u8g2_fonts.o(.constdata)
    u8g2_font_fub17_tr                       0x0894055d   Data        2190  u8g2_fonts.o(.constdata)
    u8g2_font_fub17_tn                       0x08940deb   Data         377  u8g2_fonts.o(.constdata)
    u8g2_font_fub20_tf                       0x08940f64   Data        5433  u8g2_fonts.o(.constdata)
    u8g2_font_fub20_tr                       0x0894249d   Data        2512  u8g2_fonts.o(.constdata)
    u8g2_font_fub20_tn                       0x08942e6d   Data         445  u8g2_fonts.o(.constdata)
    u8g2_font_fub25_tf                       0x0894302a   Data        7188  u8g2_fonts.o(.constdata)
    u8g2_font_fub25_tr                       0x08944c3e   Data        3284  u8g2_fonts.o(.constdata)
    u8g2_font_fub25_tn                       0x08945912   Data         548  u8g2_fonts.o(.constdata)
    u8g2_font_fub30_tf                       0x08945b36   Data        8930  u8g2_fonts.o(.constdata)
    u8g2_font_fub30_tr                       0x08947e18   Data        4066  u8g2_fonts.o(.constdata)
    u8g2_font_fub30_tn                       0x08948dfa   Data         676  u8g2_fonts.o(.constdata)
    u8g2_font_fub35_tf                       0x0894909e   Data       10412  u8g2_fonts.o(.constdata)
    u8g2_font_fub35_tr                       0x0894b94a   Data        4779  u8g2_fonts.o(.constdata)
    u8g2_font_fub35_tn                       0x0894cbf5   Data         805  u8g2_fonts.o(.constdata)
    u8g2_font_fub42_tf                       0x0894cf1a   Data       12517  u8g2_fonts.o(.constdata)
    u8g2_font_fub42_tr                       0x0894ffff   Data        5693  u8g2_fonts.o(.constdata)
    u8g2_font_fub42_tn                       0x0895163c   Data         920  u8g2_fonts.o(.constdata)
    u8g2_font_fub49_tn                       0x089519d4   Data        1141  u8g2_fonts.o(.constdata)
    u8g2_font_fub11_t_symbol                 0x08951e49   Data         815  u8g2_fonts.o(.constdata)
    u8g2_font_fub14_t_symbol                 0x08952178   Data        1032  u8g2_fonts.o(.constdata)
    u8g2_font_fub17_t_symbol                 0x08952580   Data        1198  u8g2_fonts.o(.constdata)
    u8g2_font_fub20_t_symbol                 0x08952a2e   Data        1452  u8g2_fonts.o(.constdata)
    u8g2_font_fub25_t_symbol                 0x08952fda   Data        1892  u8g2_fonts.o(.constdata)
    u8g2_font_fub30_t_symbol                 0x0895373e   Data        2267  u8g2_fonts.o(.constdata)
    u8g2_font_fub35_t_symbol                 0x08954019   Data        2721  u8g2_fonts.o(.constdata)
    u8g2_font_fub42_t_symbol                 0x08954aba   Data        3116  u8g2_fonts.o(.constdata)
    u8g2_font_fub49_t_symbol                 0x089556e6   Data        3822  u8g2_fonts.o(.constdata)
    u8g2_font_fur11_tf                       0x089565d4   Data        3038  u8g2_fonts.o(.constdata)
    u8g2_font_fur11_tr                       0x089571b2   Data        1428  u8g2_fonts.o(.constdata)
    u8g2_font_fur11_tn                       0x08957746   Data         259  u8g2_fonts.o(.constdata)
    u8g2_font_fur14_tf                       0x08957849   Data        3906  u8g2_fonts.o(.constdata)
    u8g2_font_fur14_tr                       0x0895878b   Data        1801  u8g2_fonts.o(.constdata)
    u8g2_font_fur14_tn                       0x08958e94   Data         321  u8g2_fonts.o(.constdata)
    u8g2_font_fur17_tf                       0x08958fd5   Data        4636  u8g2_fonts.o(.constdata)
    u8g2_font_fur17_tr                       0x0895a1f1   Data        2165  u8g2_fonts.o(.constdata)
    u8g2_font_fur17_tn                       0x0895aa66   Data         379  u8g2_fonts.o(.constdata)
    u8g2_font_fur20_tf                       0x0895abe1   Data        5444  u8g2_fonts.o(.constdata)
    u8g2_font_fur20_tr                       0x0895c125   Data        2514  u8g2_fonts.o(.constdata)
    u8g2_font_fur20_tn                       0x0895caf7   Data         430  u8g2_fonts.o(.constdata)
    u8g2_font_fur25_tf                       0x0895cca5   Data        7317  u8g2_fonts.o(.constdata)
    u8g2_font_fur25_tr                       0x0895e93a   Data        3338  u8g2_fonts.o(.constdata)
    u8g2_font_fur25_tn                       0x0895f644   Data         555  u8g2_fonts.o(.constdata)
    u8g2_font_fur30_tf                       0x0895f86f   Data        8797  u8g2_fonts.o(.constdata)
    u8g2_font_fur30_tr                       0x08961acc   Data        4026  u8g2_fonts.o(.constdata)
    u8g2_font_fur30_tn                       0x08962a86   Data         660  u8g2_fonts.o(.constdata)
    u8g2_font_fur35_tf                       0x08962d1a   Data       10388  u8g2_fonts.o(.constdata)
    u8g2_font_fur35_tr                       0x089655ae   Data        4786  u8g2_fonts.o(.constdata)
    u8g2_font_fur35_tn                       0x08966860   Data         780  u8g2_fonts.o(.constdata)
    u8g2_font_fur42_tf                       0x08966b6c   Data       12870  u8g2_fonts.o(.constdata)
    u8g2_font_fur42_tr                       0x08969db2   Data        5849  u8g2_fonts.o(.constdata)
    u8g2_font_fur42_tn                       0x0896b48b   Data         933  u8g2_fonts.o(.constdata)
    u8g2_font_fur49_tn                       0x0896b830   Data        1157  u8g2_fonts.o(.constdata)
    u8g2_font_fur11_t_symbol                 0x0896bcb5   Data         813  u8g2_fonts.o(.constdata)
    u8g2_font_fur14_t_symbol                 0x0896bfe2   Data        1004  u8g2_fonts.o(.constdata)
    u8g2_font_fur17_t_symbol                 0x0896c3ce   Data        1186  u8g2_fonts.o(.constdata)
    u8g2_font_fur20_t_symbol                 0x0896c870   Data        1434  u8g2_fonts.o(.constdata)
    u8g2_font_fur25_t_symbol                 0x0896ce0a   Data        1834  u8g2_fonts.o(.constdata)
    u8g2_font_fur30_t_symbol                 0x0896d534   Data        2238  u8g2_fonts.o(.constdata)
    u8g2_font_fur35_t_symbol                 0x0896ddf2   Data        2635  u8g2_fonts.o(.constdata)
    u8g2_font_fur42_t_symbol                 0x0896e83d   Data        3049  u8g2_fonts.o(.constdata)
    u8g2_font_fur49_t_symbol                 0x0896f426   Data        3747  u8g2_fonts.o(.constdata)
    u8g2_font_osb18_tf                       0x089702c9   Data        5811  u8g2_fonts.o(.constdata)
    u8g2_font_osb18_tr                       0x0897197c   Data        2724  u8g2_fonts.o(.constdata)
    u8g2_font_osb18_tn                       0x08972420   Data         483  u8g2_fonts.o(.constdata)
    u8g2_font_osb21_tf                       0x08972603   Data        6849  u8g2_fonts.o(.constdata)
    u8g2_font_osb21_tr                       0x089740c4   Data        3210  u8g2_fonts.o(.constdata)
    u8g2_font_osb21_tn                       0x08974d4e   Data         564  u8g2_fonts.o(.constdata)
    u8g2_font_osb26_tf                       0x08974f82   Data        8645  u8g2_fonts.o(.constdata)
    u8g2_font_osb26_tr                       0x08977147   Data        4017  u8g2_fonts.o(.constdata)
    u8g2_font_osb26_tn                       0x089780f8   Data         680  u8g2_fonts.o(.constdata)
    u8g2_font_osb29_tf                       0x089783a0   Data        9807  u8g2_fonts.o(.constdata)
    u8g2_font_osb29_tr                       0x0897a9ef   Data        4534  u8g2_fonts.o(.constdata)
    u8g2_font_osb29_tn                       0x0897bba5   Data         750  u8g2_fonts.o(.constdata)
    u8g2_font_osb35_tf                       0x0897be93   Data       12564  u8g2_fonts.o(.constdata)
    u8g2_font_osb35_tr                       0x0897efa7   Data        5892  u8g2_fonts.o(.constdata)
    u8g2_font_osb35_tn                       0x089806ab   Data         990  u8g2_fonts.o(.constdata)
    u8g2_font_osb41_tf                       0x08980a89   Data       15152  u8g2_fonts.o(.constdata)
    u8g2_font_osb41_tr                       0x089845b9   Data        7032  u8g2_fonts.o(.constdata)
    u8g2_font_osb41_tn                       0x08986131   Data        1185  u8g2_fonts.o(.constdata)
    u8g2_font_osr18_tf                       0x089865d2   Data        5874  u8g2_fonts.o(.constdata)
    u8g2_font_osr18_tr                       0x08987cc4   Data        2765  u8g2_fonts.o(.constdata)
    u8g2_font_osr18_tn                       0x08988791   Data         445  u8g2_fonts.o(.constdata)
    u8g2_font_osr21_tf                       0x0898894e   Data        6849  u8g2_fonts.o(.constdata)
    u8g2_font_osr21_tr                       0x0898a40f   Data        3234  u8g2_fonts.o(.constdata)
    u8g2_font_osr21_tn                       0x0898b0b1   Data         538  u8g2_fonts.o(.constdata)
    u8g2_font_osr26_tf                       0x0898b2cb   Data        8728  u8g2_fonts.o(.constdata)
    u8g2_font_osr26_tr                       0x0898d4e3   Data        4103  u8g2_fonts.o(.constdata)
    u8g2_font_osr26_tn                       0x0898e4ea   Data         644  u8g2_fonts.o(.constdata)
    u8g2_font_osr29_tf                       0x0898e76e   Data       10232  u8g2_fonts.o(.constdata)
    u8g2_font_osr29_tr                       0x08990f66   Data        4765  u8g2_fonts.o(.constdata)
    u8g2_font_osr29_tn                       0x08992203   Data         740  u8g2_fonts.o(.constdata)
    u8g2_font_osr35_tf                       0x089924e7   Data       12388  u8g2_fonts.o(.constdata)
    u8g2_font_osr35_tr                       0x0899554b   Data        5799  u8g2_fonts.o(.constdata)
    u8g2_font_osr35_tn                       0x08996bf2   Data         916  u8g2_fonts.o(.constdata)
    u8g2_font_osr41_tf                       0x08996f86   Data       15016  u8g2_fonts.o(.constdata)
    u8g2_font_osr41_tr                       0x0899aa2e   Data        6960  u8g2_fonts.o(.constdata)
    u8g2_font_osr41_tn                       0x0899c55e   Data        1101  u8g2_fonts.o(.constdata)
    u8g2_font_inr16_mf                       0x0899c9ab   Data        5490  u8g2_fonts.o(.constdata)
    u8g2_font_inr16_mr                       0x0899df1d   Data        2451  u8g2_fonts.o(.constdata)
    u8g2_font_inr16_mn                       0x0899e8b0   Data         428  u8g2_fonts.o(.constdata)
    u8g2_font_inr19_mf                       0x0899ea5c   Data        6519  u8g2_fonts.o(.constdata)
    u8g2_font_inr19_mr                       0x089a03d3   Data        2937  u8g2_fonts.o(.constdata)
    u8g2_font_inr19_mn                       0x089a0f4c   Data         502  u8g2_fonts.o(.constdata)
    u8g2_font_inr21_mf                       0x089a1142   Data        7756  u8g2_fonts.o(.constdata)
    u8g2_font_inr21_mr                       0x089a2f8e   Data        3502  u8g2_fonts.o(.constdata)
    u8g2_font_inr21_mn                       0x089a3d3c   Data         590  u8g2_fonts.o(.constdata)
    u8g2_font_inr24_mf                       0x089a3f8a   Data        8590  u8g2_fonts.o(.constdata)
    u8g2_font_inr24_mr                       0x089a6118   Data        3845  u8g2_fonts.o(.constdata)
    u8g2_font_inr24_mn                       0x089a701d   Data         631  u8g2_fonts.o(.constdata)
    u8g2_font_inr24_t_cyrillic               0x089a7294   Data        6768  u8g2_fonts.o(.constdata)
    u8g2_font_inr27_mf                       0x089a8d04   Data        9648  u8g2_fonts.o(.constdata)
    u8g2_font_inr27_mr                       0x089ab2b4   Data        4351  u8g2_fonts.o(.constdata)
    u8g2_font_inr27_mn                       0x089ac3b3   Data         693  u8g2_fonts.o(.constdata)
    u8g2_font_inr27_t_cyrillic               0x089ac668   Data        7694  u8g2_fonts.o(.constdata)
    u8g2_font_inr30_mf                       0x089ae476   Data       10688  u8g2_fonts.o(.constdata)
    u8g2_font_inr30_mr                       0x089b0e36   Data        4840  u8g2_fonts.o(.constdata)
    u8g2_font_inr30_mn                       0x089b211e   Data         790  u8g2_fonts.o(.constdata)
    u8g2_font_inr30_t_cyrillic               0x089b2434   Data        9154  u8g2_fonts.o(.constdata)
    u8g2_font_inr33_mf                       0x089b47f6   Data       11647  u8g2_fonts.o(.constdata)
    u8g2_font_inr33_mr                       0x089b7575   Data        5195  u8g2_fonts.o(.constdata)
    u8g2_font_inr33_mn                       0x089b89c0   Data         853  u8g2_fonts.o(.constdata)
    u8g2_font_inr33_t_cyrillic               0x089b8d15   Data        9782  u8g2_fonts.o(.constdata)
    u8g2_font_inr38_mf                       0x089bb34b   Data       13833  u8g2_fonts.o(.constdata)
    u8g2_font_inr38_mr                       0x089be954   Data        6224  u8g2_fonts.o(.constdata)
    u8g2_font_inr38_mn                       0x089c01a4   Data         992  u8g2_fonts.o(.constdata)
    u8g2_font_inr38_t_cyrillic               0x089c0584   Data       11772  u8g2_fonts.o(.constdata)
    u8g2_font_inr42_mf                       0x089c3380   Data       16079  u8g2_fonts.o(.constdata)
    u8g2_font_inr42_mr                       0x089c724f   Data        7149  u8g2_fonts.o(.constdata)
    u8g2_font_inr42_mn                       0x089c8e3c   Data        1091  u8g2_fonts.o(.constdata)
    u8g2_font_inr42_t_cyrillic               0x089c927f   Data       12805  u8g2_fonts.o(.constdata)
    u8g2_font_inr46_mf                       0x089cc484   Data       17772  u8g2_fonts.o(.constdata)
    u8g2_font_inr46_mr                       0x089d09f0   Data        7922  u8g2_fonts.o(.constdata)
    u8g2_font_inr46_mn                       0x089d28e2   Data        1270  u8g2_fonts.o(.constdata)
    u8g2_font_inr46_t_cyrillic               0x089d2dd8   Data       14315  u8g2_fonts.o(.constdata)
    u8g2_font_inr49_mf                       0x089d65c3   Data       18950  u8g2_fonts.o(.constdata)
    u8g2_font_inr49_mr                       0x089dafc9   Data        8497  u8g2_fonts.o(.constdata)
    u8g2_font_inr49_mn                       0x089dd0fa   Data        1319  u8g2_fonts.o(.constdata)
    u8g2_font_inr49_t_cyrillic               0x089dd621   Data       15126  u8g2_fonts.o(.constdata)
    u8g2_font_inr53_mf                       0x089e1137   Data       20593  u8g2_fonts.o(.constdata)
    u8g2_font_inr53_mr                       0x089e61a8   Data        9281  u8g2_fonts.o(.constdata)
    u8g2_font_inr53_mn                       0x089e85e9   Data        1446  u8g2_fonts.o(.constdata)
    u8g2_font_inr53_t_cyrillic               0x089e8b8f   Data       17255  u8g2_fonts.o(.constdata)
    u8g2_font_inr57_mn                       0x089ecef6   Data        1608  u8g2_fonts.o(.constdata)
    u8g2_font_inr62_mn                       0x089ed53e   Data        1707  u8g2_fonts.o(.constdata)
    u8g2_font_inb16_mf                       0x089edbe9   Data        5568  u8g2_fonts.o(.constdata)
    u8g2_font_inb16_mr                       0x089ef1a9   Data        2514  u8g2_fonts.o(.constdata)
    u8g2_font_inb16_mn                       0x089efb7b   Data         442  u8g2_fonts.o(.constdata)
    u8g2_font_inb19_mf                       0x089efd35   Data        6542  u8g2_fonts.o(.constdata)
    u8g2_font_inb19_mr                       0x089f16c3   Data        2922  u8g2_fonts.o(.constdata)
    u8g2_font_inb19_mn                       0x089f222d   Data         501  u8g2_fonts.o(.constdata)
    u8g2_font_inb21_mf                       0x089f2422   Data        7872  u8g2_fonts.o(.constdata)
    u8g2_font_inb21_mr                       0x089f42e2   Data        3535  u8g2_fonts.o(.constdata)
    u8g2_font_inb21_mn                       0x089f50b1   Data         568  u8g2_fonts.o(.constdata)
    u8g2_font_inb24_mf                       0x089f52e9   Data        8821  u8g2_fonts.o(.constdata)
    u8g2_font_inb24_mr                       0x089f755e   Data        3919  u8g2_fonts.o(.constdata)
    u8g2_font_inb24_mn                       0x089f84ad   Data         644  u8g2_fonts.o(.constdata)
    u8g2_font_inb27_mf                       0x089f8731   Data        9860  u8g2_fonts.o(.constdata)
    u8g2_font_inb27_mr                       0x089fadb5   Data        4408  u8g2_fonts.o(.constdata)
    u8g2_font_inb27_mn                       0x089fbeed   Data         748  u8g2_fonts.o(.constdata)
    u8g2_font_inb30_mf                       0x089fc1d9   Data       10923  u8g2_fonts.o(.constdata)
    u8g2_font_inb30_mr                       0x089fec84   Data        4963  u8g2_fonts.o(.constdata)
    u8g2_font_inb30_mn                       0x089fffe7   Data         807  u8g2_fonts.o(.constdata)
    u8g2_font_inb33_mf                       0x08a0030e   Data       12050  u8g2_fonts.o(.constdata)
    u8g2_font_inb33_mr                       0x08a03220   Data        5348  u8g2_fonts.o(.constdata)
    u8g2_font_inb33_mn                       0x08a04704   Data         881  u8g2_fonts.o(.constdata)
    u8g2_font_inb38_mf                       0x08a04a75   Data       13822  u8g2_fonts.o(.constdata)
    u8g2_font_inb38_mr                       0x08a08073   Data        6118  u8g2_fonts.o(.constdata)
    u8g2_font_inb38_mn                       0x08a09859   Data        1009  u8g2_fonts.o(.constdata)
    u8g2_font_inb42_mf                       0x08a09c4a   Data       15573  u8g2_fonts.o(.constdata)
    u8g2_font_inb42_mr                       0x08a0d91f   Data        6815  u8g2_fonts.o(.constdata)
    u8g2_font_inb42_mn                       0x08a0f3be   Data        1109  u8g2_fonts.o(.constdata)
    u8g2_font_inb46_mf                       0x08a0f813   Data       17502  u8g2_fonts.o(.constdata)
    u8g2_font_inb46_mr                       0x08a13c71   Data        7785  u8g2_fonts.o(.constdata)
    u8g2_font_inb46_mn                       0x08a15ada   Data        1245  u8g2_fonts.o(.constdata)
    u8g2_font_inb49_mf                       0x08a15fb7   Data       18847  u8g2_fonts.o(.constdata)
    u8g2_font_inb49_mr                       0x08a1a956   Data        8450  u8g2_fonts.o(.constdata)
    u8g2_font_inb49_mn                       0x08a1ca58   Data        1343  u8g2_fonts.o(.constdata)
    u8g2_font_inb53_mf                       0x08a1cf97   Data       20779  u8g2_fonts.o(.constdata)
    u8g2_font_inb53_mr                       0x08a220c2   Data        9320  u8g2_fonts.o(.constdata)
    u8g2_font_inb53_mn                       0x08a2452a   Data        1501  u8g2_fonts.o(.constdata)
    u8g2_font_inb57_mn                       0x08a24b07   Data        1627  u8g2_fonts.o(.constdata)
    u8g2_font_inb63_mn                       0x08a25162   Data        1747  u8g2_fonts.o(.constdata)
    u8g2_font_logisoso16_tf                  0x08a25835   Data        3048  u8g2_fonts.o(.constdata)
    u8g2_font_logisoso16_tr                  0x08a2641d   Data        1564  u8g2_fonts.o(.constdata)
    u8g2_font_logisoso16_tn                  0x08a26a39   Data         287  u8g2_fonts.o(.constdata)
    u8g2_font_logisoso18_tf                  0x08a26b58   Data        3634  u8g2_fonts.o(.constdata)
    u8g2_font_logisoso18_tr                  0x08a2798a   Data        1877  u8g2_fonts.o(.constdata)
    u8g2_font_logisoso18_tn                  0x08a280df   Data         311  u8g2_fonts.o(.constdata)
    u8g2_font_logisoso20_tf                  0x08a28216   Data        4144  u8g2_fonts.o(.constdata)
    u8g2_font_logisoso20_tr                  0x08a29246   Data        2226  u8g2_fonts.o(.constdata)
    u8g2_font_logisoso20_tn                  0x08a29af8   Data         382  u8g2_fonts.o(.constdata)
    u8g2_font_logisoso22_tf                  0x08a29c76   Data        4240  u8g2_fonts.o(.constdata)
    u8g2_font_logisoso22_tr                  0x08a2ad06   Data        2268  u8g2_fonts.o(.constdata)
    u8g2_font_logisoso22_tn                  0x08a2b5e2   Data         387  u8g2_fonts.o(.constdata)
    u8g2_font_logisoso24_tf                  0x08a2b765   Data        4466  u8g2_fonts.o(.constdata)
    u8g2_font_logisoso24_tr                  0x08a2c8d7   Data        2410  u8g2_fonts.o(.constdata)
    u8g2_font_logisoso24_tn                  0x08a2d241   Data         421  u8g2_fonts.o(.constdata)
    u8g2_font_logisoso26_tf                  0x08a2d3e6   Data        4896  u8g2_fonts.o(.constdata)
    u8g2_font_logisoso26_tr                  0x08a2e706   Data        2646  u8g2_fonts.o(.constdata)
    u8g2_font_logisoso26_tn                  0x08a2f15c   Data         438  u8g2_fonts.o(.constdata)
    u8g2_font_logisoso28_tf                  0x08a2f312   Data        4900  u8g2_fonts.o(.constdata)
    u8g2_font_logisoso28_tr                  0x08a30636   Data        2646  u8g2_fonts.o(.constdata)
    u8g2_font_logisoso28_tn                  0x08a3108c   Data         427  u8g2_fonts.o(.constdata)
    u8g2_font_logisoso30_tf                  0x08a31237   Data        5374  u8g2_fonts.o(.constdata)
    u8g2_font_logisoso30_tr                  0x08a32735   Data        2914  u8g2_fonts.o(.constdata)
    u8g2_font_logisoso30_tn                  0x08a33297   Data         481  u8g2_fonts.o(.constdata)
    u8g2_font_logisoso32_tf                  0x08a33478   Data        5664  u8g2_fonts.o(.constdata)
    u8g2_font_logisoso32_tr                  0x08a34a98   Data        3097  u8g2_fonts.o(.constdata)
    u8g2_font_logisoso32_tn                  0x08a356b1   Data         525  u8g2_fonts.o(.constdata)
    u8g2_font_logisoso34_tf                  0x08a358be   Data        6152  u8g2_fonts.o(.constdata)
    u8g2_font_logisoso34_tr                  0x08a370c6   Data        3347  u8g2_fonts.o(.constdata)
    u8g2_font_logisoso34_tn                  0x08a37dd9   Data         534  u8g2_fonts.o(.constdata)
    u8g2_font_logisoso38_tf                  0x08a37fef   Data        6803  u8g2_fonts.o(.constdata)
    u8g2_font_logisoso38_tr                  0x08a39a82   Data        3732  u8g2_fonts.o(.constdata)
    u8g2_font_logisoso38_tn                  0x08a3a916   Data         607  u8g2_fonts.o(.constdata)
    u8g2_font_logisoso42_tf                  0x08a3ab75   Data        8216  u8g2_fonts.o(.constdata)
    u8g2_font_logisoso42_tr                  0x08a3cb8d   Data        4625  u8g2_fonts.o(.constdata)
    u8g2_font_logisoso42_tn                  0x08a3dd9e   Data         724  u8g2_fonts.o(.constdata)
    u8g2_font_logisoso46_tf                  0x08a3e072   Data        8679  u8g2_fonts.o(.constdata)
    u8g2_font_logisoso46_tr                  0x08a40259   Data        4912  u8g2_fonts.o(.constdata)
    u8g2_font_logisoso46_tn                  0x08a41589   Data         783  u8g2_fonts.o(.constdata)
    u8g2_font_logisoso50_tf                  0x08a41898   Data        9494  u8g2_fonts.o(.constdata)
    u8g2_font_logisoso50_tr                  0x08a43dae   Data        5354  u8g2_fonts.o(.constdata)
    u8g2_font_logisoso50_tn                  0x08a45298   Data         851  u8g2_fonts.o(.constdata)
    u8g2_font_logisoso54_tf                  0x08a455eb   Data       10072  u8g2_fonts.o(.constdata)
    u8g2_font_logisoso54_tr                  0x08a47d43   Data        5661  u8g2_fonts.o(.constdata)
    u8g2_font_logisoso54_tn                  0x08a49360   Data         880  u8g2_fonts.o(.constdata)
    u8g2_font_logisoso58_tf                  0x08a496d0   Data       10902  u8g2_fonts.o(.constdata)
    u8g2_font_logisoso58_tr                  0x08a4c166   Data        6176  u8g2_fonts.o(.constdata)
    u8g2_font_logisoso58_tn                  0x08a4d986   Data         974  u8g2_fonts.o(.constdata)
    u8g2_font_logisoso62_tn                  0x08a4dd54   Data         983  u8g2_fonts.o(.constdata)
    u8g2_font_logisoso78_tn                  0x08a4e12b   Data        1332  u8g2_fonts.o(.constdata)
    u8g2_font_logisoso92_tn                  0x08a4e65f   Data        1624  u8g2_fonts.o(.constdata)
    u8g2_font_pressstart2p_8f                0x08a4ecb7   Data        2538  u8g2_fonts.o(.constdata)
    u8g2_font_pressstart2p_8r                0x08a4f6a1   Data        1226  u8g2_fonts.o(.constdata)
    u8g2_font_pressstart2p_8n                0x08a4fb6b   Data         235  u8g2_fonts.o(.constdata)
    u8g2_font_pressstart2p_8u                0x08a4fc56   Data         831  u8g2_fonts.o(.constdata)
    u8g2_font_pcsenior_8f                    0x08a4ff95   Data        2225  u8g2_fonts.o(.constdata)
    u8g2_font_pcsenior_8r                    0x08a50846   Data        1201  u8g2_fonts.o(.constdata)
    u8g2_font_pcsenior_8n                    0x08a50cf7   Data         239  u8g2_fonts.o(.constdata)
    u8g2_font_pcsenior_8u                    0x08a50de6   Data         814  u8g2_fonts.o(.constdata)
    u8g2_font_pxplusibmcgathin_8f            0x08a51114   Data        2538  u8g2_fonts.o(.constdata)
    u8g2_font_pxplusibmcgathin_8r            0x08a51afe   Data        1261  u8g2_fonts.o(.constdata)
    u8g2_font_pxplusibmcgathin_8n            0x08a51feb   Data         245  u8g2_fonts.o(.constdata)
    u8g2_font_pxplusibmcgathin_8u            0x08a520e0   Data         853  u8g2_fonts.o(.constdata)
    u8g2_font_pxplusibmcga_8f                0x08a52435   Data        2395  u8g2_fonts.o(.constdata)
    u8g2_font_pxplusibmcga_8r                0x08a52d90   Data        1189  u8g2_fonts.o(.constdata)
    u8g2_font_pxplusibmcga_8n                0x08a53235   Data         234  u8g2_fonts.o(.constdata)
    u8g2_font_pxplusibmcga_8u                0x08a5331f   Data         808  u8g2_fonts.o(.constdata)
    u8g2_font_pxplustandynewtv_8f            0x08a53647   Data        2532  u8g2_fonts.o(.constdata)
    u8g2_font_pxplustandynewtv_8r            0x08a5402b   Data        1243  u8g2_fonts.o(.constdata)
    u8g2_font_pxplustandynewtv_8n            0x08a54506   Data         242  u8g2_fonts.o(.constdata)
    u8g2_font_pxplustandynewtv_8u            0x08a545f8   Data         847  u8g2_fonts.o(.constdata)
    u8g2_font_pxplustandynewtv_t_all         0x08a54947   Data        9464  u8g2_fonts.o(.constdata)
    u8g2_font_pxplustandynewtv_8_all         0x08a56e3f   Data       10396  u8g2_fonts.o(.constdata)
    u8g2_font_pxplusibmvga9_tf               0x08a596db   Data        2656  u8g2_fonts.o(.constdata)
    u8g2_font_pxplusibmvga9_tr               0x08a5a13b   Data        1266  u8g2_fonts.o(.constdata)
    u8g2_font_pxplusibmvga9_tn               0x08a5a62d   Data         232  u8g2_fonts.o(.constdata)
    u8g2_font_pxplusibmvga9_mf               0x08a5a715   Data        3410  u8g2_fonts.o(.constdata)
    u8g2_font_pxplusibmvga9_mr               0x08a5b467   Data        1626  u8g2_fonts.o(.constdata)
    u8g2_font_pxplusibmvga9_mn               0x08a5bac1   Data         268  u8g2_fonts.o(.constdata)
    u8g2_font_pxplusibmvga9_t_all            0x08a5bbcd   Data       11498  u8g2_fonts.o(.constdata)
    u8g2_font_pxplusibmvga9_m_all            0x08a5e8b7   Data       14305  u8g2_fonts.o(.constdata)
    u8g2_font_pxplusibmvga8_tf               0x08a62098   Data        2639  u8g2_fonts.o(.constdata)
    u8g2_font_pxplusibmvga8_tr               0x08a62ae7   Data        1257  u8g2_fonts.o(.constdata)
    u8g2_font_pxplusibmvga8_tn               0x08a62fd0   Data         231  u8g2_fonts.o(.constdata)
    u8g2_font_pxplusibmvga8_mf               0x08a630b7   Data        3190  u8g2_fonts.o(.constdata)
    u8g2_font_pxplusibmvga8_mr               0x08a63d2d   Data        1521  u8g2_fonts.o(.constdata)
    u8g2_font_pxplusibmvga8_mn               0x08a6431e   Data         273  u8g2_fonts.o(.constdata)
    u8g2_font_pxplusibmvga8_t_all            0x08a6442f   Data       11372  u8g2_fonts.o(.constdata)
    u8g2_font_pxplusibmvga8_m_all            0x08a6709b   Data       13451  u8g2_fonts.o(.constdata)
    u8g2_font_px437wyse700a_tf               0x08a6a526   Data        2616  u8g2_fonts.o(.constdata)
    u8g2_font_px437wyse700a_tr               0x08a6af5e   Data        1573  u8g2_fonts.o(.constdata)
    u8g2_font_px437wyse700a_tn               0x08a6b583   Data         287  u8g2_fonts.o(.constdata)
    u8g2_font_px437wyse700a_mf               0x08a6b6a2   Data        3076  u8g2_fonts.o(.constdata)
    u8g2_font_px437wyse700a_mr               0x08a6c2a6   Data        1915  u8g2_fonts.o(.constdata)
    u8g2_font_px437wyse700a_mn               0x08a6ca21   Data         327  u8g2_fonts.o(.constdata)
    u8g2_font_px437wyse700b_tf               0x08a6cb68   Data        2427  u8g2_fonts.o(.constdata)
    u8g2_font_px437wyse700b_tr               0x08a6d4e3   Data        1451  u8g2_fonts.o(.constdata)
    u8g2_font_px437wyse700b_tn               0x08a6da8e   Data         284  u8g2_fonts.o(.constdata)
    u8g2_font_px437wyse700b_mf               0x08a6dbaa   Data        3066  u8g2_fonts.o(.constdata)
    u8g2_font_px437wyse700b_mr               0x08a6e7a4   Data        1877  u8g2_fonts.o(.constdata)
    u8g2_font_px437wyse700b_mn               0x08a6eef9   Data         328  u8g2_fonts.o(.constdata)
    u8g2_cb_r0                               0x08a6f044   Data          12  u8g2_setup.o(.constdata)
    u8g2_cb_r1                               0x08a6f050   Data          12  u8g2_setup.o(.constdata)
    u8g2_cb_r2                               0x08a6f05c   Data          12  u8g2_setup.o(.constdata)
    u8g2_cb_r3                               0x08a6f068   Data          12  u8g2_setup.o(.constdata)
    u8g2_cb_mirror                           0x08a6f074   Data          12  u8g2_setup.o(.constdata)
    u8g2_cb_mirror_vertical                  0x08a6f080   Data          12  u8g2_setup.o(.constdata)
    Region$$Table$$Base                      0x08a6f200   Number         0  anon$$obj.o(Region$$Table)
    Region$$Table$$Limit                     0x08a6f220   Number         0  anon$$obj.o(Region$$Table)
    DH_Data                                  0x20000014   Data           4  timer.o(.data)
    usart_value                              0x20000018   Data           1  bsp_usart.o(.data)
    initMessage                              0x2000001c   Data           4  bsp_usart.o(.data)
    len                                      0x20000020   Data           1  bsp_usart.o(.data)
    num                                      0x20000021   Data           8  bsp_usart.o(.data)
    Flag                                     0x20000029   Data           1  bsp_usart.o(.data)
    cha                                      0x2000002c   Data         200  bsp_usart.o(.bss)
    __libspace_start                         0x200004f4   Data          96  libspace.o(.bss)
    __temporary_stack_top$libspace           0x20000554   Data           0  libspace.o(.bss)



==============================================================================

Memory Map of the image

  Image Entry point : 0x08000189

  Load Region LR_1 (Base: 0x08000000, Size: 0x00a6f24c, Max: 0xffffffff, ABSOLUTE)

    Execution Region ER_RO (Exec base: 0x08000000, Load base: 0x08000000, Size: 0x00a6f220, Max: 0xffffffff, ABSOLUTE)

    Exec Addr    Load Addr    Size         Type   Attr      Idx    E Section Name        Object

    0x08000000   0x08000000   0x000000ec   Data   RO          132    RESET               startup_stm32f10x_md.o
    0x080000ec   0x080000ec   0x00000008   Code   RO         5973  * !!!main             c_w.l(__main.o)
    0x080000f4   0x080000f4   0x00000034   Code   RO         6184    !!!scatter          c_w.l(__scatter.o)
    0x08000128   0x08000128   0x0000001a   Code   RO         6186    !!handler_copy      c_w.l(__scatter_copy.o)
    0x08000142   0x08000142   0x00000002   PAD
    0x08000144   0x08000144   0x0000001c   Code   RO         6188    !!handler_zi        c_w.l(__scatter_zi.o)
    0x08000160   0x08000160   0x00000002   Code   RO         6121    .ARM.Collect$$libinit$$00000000  c_w.l(libinit.o)
    0x08000162   0x08000162   0x00000000   Code   RO         6014    .ARM.Collect$$libinit$$00000002  c_w.l(libinit2.o)
    0x08000162   0x08000162   0x00000000   Code   RO         6016    .ARM.Collect$$libinit$$00000004  c_w.l(libinit2.o)
    0x08000162   0x08000162   0x00000000   Code   RO         6019    .ARM.Collect$$libinit$$0000000A  c_w.l(libinit2.o)
    0x08000162   0x08000162   0x00000000   Code   RO         6021    .ARM.Collect$$libinit$$0000000C  c_w.l(libinit2.o)
    0x08000162   0x08000162   0x00000000   Code   RO         6023    .ARM.Collect$$libinit$$0000000E  c_w.l(libinit2.o)
    0x08000162   0x08000162   0x00000000   Code   RO         6026    .ARM.Collect$$libinit$$00000011  c_w.l(libinit2.o)
    0x08000162   0x08000162   0x00000000   Code   RO         6028    .ARM.Collect$$libinit$$00000013  c_w.l(libinit2.o)
    0x08000162   0x08000162   0x00000000   Code   RO         6030    .ARM.Collect$$libinit$$00000015  c_w.l(libinit2.o)
    0x08000162   0x08000162   0x00000000   Code   RO         6032    .ARM.Collect$$libinit$$00000017  c_w.l(libinit2.o)
    0x08000162   0x08000162   0x00000000   Code   RO         6034    .ARM.Collect$$libinit$$00000019  c_w.l(libinit2.o)
    0x08000162   0x08000162   0x00000000   Code   RO         6036    .ARM.Collect$$libinit$$0000001B  c_w.l(libinit2.o)
    0x08000162   0x08000162   0x00000000   Code   RO         6038    .ARM.Collect$$libinit$$0000001D  c_w.l(libinit2.o)
    0x08000162   0x08000162   0x00000000   Code   RO         6040    .ARM.Collect$$libinit$$0000001F  c_w.l(libinit2.o)
    0x08000162   0x08000162   0x00000000   Code   RO         6042    .ARM.Collect$$libinit$$00000021  c_w.l(libinit2.o)
    0x08000162   0x08000162   0x00000000   Code   RO         6044    .ARM.Collect$$libinit$$00000023  c_w.l(libinit2.o)
    0x08000162   0x08000162   0x00000000   Code   RO         6046    .ARM.Collect$$libinit$$00000025  c_w.l(libinit2.o)
    0x08000162   0x08000162   0x00000000   Code   RO         6050    .ARM.Collect$$libinit$$0000002C  c_w.l(libinit2.o)
    0x08000162   0x08000162   0x00000000   Code   RO         6052    .ARM.Collect$$libinit$$0000002E  c_w.l(libinit2.o)
    0x08000162   0x08000162   0x00000000   Code   RO         6054    .ARM.Collect$$libinit$$00000030  c_w.l(libinit2.o)
    0x08000162   0x08000162   0x00000000   Code   RO         6056    .ARM.Collect$$libinit$$00000032  c_w.l(libinit2.o)
    0x08000162   0x08000162   0x00000002   Code   RO         6057    .ARM.Collect$$libinit$$00000033  c_w.l(libinit2.o)
    0x08000164   0x08000164   0x00000002   Code   RO         6181    .ARM.Collect$$libshutdown$$00000000  c_w.l(libshutdown.o)
    0x08000166   0x08000166   0x00000000   Code   RO         6135    .ARM.Collect$$libshutdown$$00000002  c_w.l(libshutdown2.o)
    0x08000166   0x08000166   0x00000000   Code   RO         6137    .ARM.Collect$$libshutdown$$00000004  c_w.l(libshutdown2.o)
    0x08000166   0x08000166   0x00000000   Code   RO         6139    .ARM.Collect$$libshutdown$$00000006  c_w.l(libshutdown2.o)
    0x08000166   0x08000166   0x00000000   Code   RO         6142    .ARM.Collect$$libshutdown$$00000009  c_w.l(libshutdown2.o)
    0x08000166   0x08000166   0x00000000   Code   RO         6145    .ARM.Collect$$libshutdown$$0000000C  c_w.l(libshutdown2.o)
    0x08000166   0x08000166   0x00000000   Code   RO         6147    .ARM.Collect$$libshutdown$$0000000E  c_w.l(libshutdown2.o)
    0x08000166   0x08000166   0x00000000   Code   RO         6150    .ARM.Collect$$libshutdown$$00000011  c_w.l(libshutdown2.o)
    0x08000166   0x08000166   0x00000002   Code   RO         6151    .ARM.Collect$$libshutdown$$00000012  c_w.l(libshutdown2.o)
    0x08000168   0x08000168   0x00000000   Code   RO         5977    .ARM.Collect$$rtentry$$00000000  c_w.l(__rtentry.o)
    0x08000168   0x08000168   0x00000000   Code   RO         6064    .ARM.Collect$$rtentry$$00000002  c_w.l(__rtentry2.o)
    0x08000168   0x08000168   0x00000006   Code   RO         6076    .ARM.Collect$$rtentry$$00000004  c_w.l(__rtentry4.o)
    0x0800016e   0x0800016e   0x00000000   Code   RO         6066    .ARM.Collect$$rtentry$$00000009  c_w.l(__rtentry2.o)
    0x0800016e   0x0800016e   0x00000004   Code   RO         6067    .ARM.Collect$$rtentry$$0000000A  c_w.l(__rtentry2.o)
    0x08000172   0x08000172   0x00000000   Code   RO         6069    .ARM.Collect$$rtentry$$0000000C  c_w.l(__rtentry2.o)
    0x08000172   0x08000172   0x00000008   Code   RO         6070    .ARM.Collect$$rtentry$$0000000D  c_w.l(__rtentry2.o)
    0x0800017a   0x0800017a   0x00000002   Code   RO         6124    .ARM.Collect$$rtexit$$00000000  c_w.l(rtexit.o)
    0x0800017c   0x0800017c   0x00000000   Code   RO         6155    .ARM.Collect$$rtexit$$00000002  c_w.l(rtexit2.o)
    0x0800017c   0x0800017c   0x00000004   Code   RO         6156    .ARM.Collect$$rtexit$$00000003  c_w.l(rtexit2.o)
    0x08000180   0x08000180   0x00000006   Code   RO         6157    .ARM.Collect$$rtexit$$00000004  c_w.l(rtexit2.o)
    0x08000186   0x08000186   0x00000002   PAD
    0x08000188   0x08000188   0x00000040   Code   RO          133  * .text               startup_stm32f10x_md.o
    0x080001c8   0x080001c8   0x0000003e   Code   RO         5961    .text               c_w.l(strlen.o)
    0x08000206   0x08000206   0x0000008a   Code   RO         5963    .text               c_w.l(rt_memcpy_v6.o)
    0x08000290   0x08000290   0x00000044   Code   RO         5965    .text               c_w.l(rt_memclr.o)
    0x080002d4   0x080002d4   0x0000004e   Code   RO         5967    .text               c_w.l(rt_memclr_w.o)
    0x08000322   0x08000322   0x00000006   Code   RO         5971    .text               c_w.l(heapauxi.o)
    0x08000328   0x08000328   0x00000064   Code   RO         6009    .text               c_w.l(rt_memcpy_w.o)
    0x0800038c   0x0800038c   0x00000008   Code   RO         6060    .text               c_w.l(libspace.o)
    0x08000394   0x08000394   0x00000002   Code   RO         6097    .text               c_w.l(use_no_semi.o)
    0x08000396   0x08000396   0x00000000   Code   RO         6099    .text               c_w.l(indicate_semi.o)
    0x08000396   0x08000396   0x0000004a   Code   RO         6100    .text               c_w.l(sys_stackheap_outer.o)
    0x080003e0   0x080003e0   0x00000012   Code   RO         6106    .text               c_w.l(exit.o)
    0x080003f2   0x080003f2   0x00000002   PAD
    0x080003f4   0x080003f4   0x0000000c   Code   RO         6122    .text               c_w.l(sys_exit.o)
    0x08000400   0x08000400   0x00000090   Code   RO         3449    i.App_Dht11_Result_Process  dh11.o
    0x08000490   0x08000490   0x00000078   Code   RO         3682    i.BL_SendArr        function.o
    0x08000508   0x08000508   0x00000004   Code   RO         3783    i.BusFault_Handler  stm32f10x_it.o
    0x0800050c   0x0800050c   0x00000002   Code   RO         3784    i.DebugMon_Handler  stm32f10x_it.o
    0x0800050e   0x0800050e   0x00000018   Code   RO         3196    i.Delay_ms          delay.o
    0x08000526   0x08000526   0x0000002e   Code   RO         3198    i.Delay_us          delay.o
    0x08000554   0x08000554   0x00000040   Code   RO         3450    i.Dht11_OutInSet    dh11.o
    0x08000594   0x08000594   0x00000030   Code   RO         3451    i.Drv_Dht11_Start   dh11.o
    0x080005c4   0x080005c4   0x0000004c   Code   RO         3518    i.EXTI1_IRQHandler  bsp_usart.o
    0x08000610   0x08000610   0x0000000c   Code   RO          985    i.EXTI_ClearITPendingBit  stm32f10x_exti.o
    0x0800061c   0x0800061c   0x00000010   Code   RO          987    i.EXTI_GenerateSWInterrupt  stm32f10x_exti.o
    0x0800062c   0x0800062c   0x00000028   Code   RO          989    i.EXTI_GetITStatus  stm32f10x_exti.o
    0x08000654   0x08000654   0x00000094   Code   RO          990    i.EXTI_Init         stm32f10x_exti.o
    0x080006e8   0x080006e8   0x00000040   Code   RO         1344    i.GPIO_EXTILineConfig  stm32f10x_gpio.o
    0x08000728   0x08000728   0x00000116   Code   RO         1347    i.GPIO_Init         stm32f10x_gpio.o
    0x0800083e   0x0800083e   0x00000012   Code   RO         1351    i.GPIO_ReadInputDataBit  stm32f10x_gpio.o
    0x08000850   0x08000850   0x00000004   Code   RO         1354    i.GPIO_ResetBits    stm32f10x_gpio.o
    0x08000854   0x08000854   0x00000068   Code   RO         3685    i.GPIO_SPI_Init     function.o
    0x080008bc   0x080008bc   0x00000004   Code   RO         1355    i.GPIO_SetBits      stm32f10x_gpio.o
    0x080008c0   0x080008c0   0x00000004   Code   RO         3785    i.HardFault_Handler  stm32f10x_it.o
    0x080008c4   0x080008c4   0x00000060   Code   RO         3452    i.Med_Dht11_ReceOneByte  dh11.o
    0x08000924   0x08000924   0x00000004   Code   RO         3786    i.MemManage_Handler  stm32f10x_it.o
    0x08000928   0x08000928   0x00000002   Code   RO         3787    i.NMI_Handler       stm32f10x_it.o
    0x0800092a   0x0800092a   0x00000042   Code   RO         3519    i.NVIC_Config       bsp_usart.o
    0x0800096c   0x0800096c   0x00000070   Code   RO          137    i.NVIC_Init         misc.o
    0x080009dc   0x080009dc   0x00000014   Code   RO          138    i.NVIC_PriorityGroupConfig  misc.o
    0x080009f0   0x080009f0   0x00000002   Code   RO         3788    i.PendSV_Handler    stm32f10x_it.o
    0x080009f2   0x080009f2   0x00000002   PAD
    0x080009f4   0x080009f4   0x00000020   Code   RO         1775    i.RCC_APB1PeriphClockCmd  stm32f10x_rcc.o
    0x08000a14   0x08000a14   0x00000020   Code   RO         1777    i.RCC_APB2PeriphClockCmd  stm32f10x_rcc.o
    0x08000a34   0x08000a34   0x000000d4   Code   RO         1785    i.RCC_GetClocksFreq  stm32f10x_rcc.o
    0x08000b08   0x08000b08   0x00000002   Code   RO         3789    i.SVC_Handler       stm32f10x_it.o
    0x08000b0a   0x08000b0a   0x00000008   Code   RO           17    i.SetSysClock       system_stm32f10x.o
    0x08000b12   0x08000b12   0x00000002   PAD
    0x08000b14   0x08000b14   0x000000e0   Code   RO           18    i.SetSysClockTo72   system_stm32f10x.o
    0x08000bf4   0x08000bf4   0x00000002   Code   RO         3790    i.SysTick_Handler   stm32f10x_it.o
    0x08000bf6   0x08000bf6   0x00000002   PAD
    0x08000bf8   0x08000bf8   0x00000060   Code   RO           20    i.SystemInit        system_stm32f10x.o
    0x08000c58   0x08000c58   0x00000024   Code   RO         3235    i.TIM2_IRQHandler   timer.o
    0x08000c7c   0x08000c7c   0x00000006   Code   RO         2415    i.TIM_ClearFlag     stm32f10x_tim.o
    0x08000c82   0x08000c82   0x00000006   Code   RO         2416    i.TIM_ClearITPendingBit  stm32f10x_tim.o
    0x08000c88   0x08000c88   0x00000018   Code   RO         2421    i.TIM_Cmd           stm32f10x_tim.o
    0x08000ca0   0x08000ca0   0x00000022   Code   RO         2442    i.TIM_GetITStatus   stm32f10x_tim.o
    0x08000cc2   0x08000cc2   0x00000012   Code   RO         2446    i.TIM_ITConfig      stm32f10x_tim.o
    0x08000cd4   0x08000cd4   0x0000000c   Code   RO         2448    i.TIM_InternalClockConfig  stm32f10x_tim.o
    0x08000ce0   0x08000ce0   0x000000a4   Code   RO         2492    i.TIM_TimeBaseInit  stm32f10x_tim.o
    0x08000d84   0x08000d84   0x00000074   Code   RO         3236    i.Timer_Init        timer.o
    0x08000df8   0x08000df8   0x000000d4   Code   RO         3520    i.USART2_IRQHandler  bsp_usart.o
    0x08000ecc   0x08000ecc   0x00000012   Code   RO         2956    i.USART_ClearFlag   stm32f10x_usart.o
    0x08000ede   0x08000ede   0x00000018   Code   RO         2960    i.USART_Cmd         stm32f10x_usart.o
    0x08000ef6   0x08000ef6   0x00000002   PAD
    0x08000ef8   0x08000ef8   0x000000cc   Code   RO         3521    i.USART_Config      bsp_usart.o
    0x08000fc4   0x08000fc4   0x0000001a   Code   RO         2963    i.USART_GetFlagStatus  stm32f10x_usart.o
    0x08000fde   0x08000fde   0x00000054   Code   RO         2964    i.USART_GetITStatus  stm32f10x_usart.o
    0x08001032   0x08001032   0x0000004a   Code   RO         2966    i.USART_ITConfig    stm32f10x_usart.o
    0x0800107c   0x0800107c   0x000000d8   Code   RO         2967    i.USART_Init        stm32f10x_usart.o
    0x08001154   0x08001154   0x0000000a   Code   RO         2974    i.USART_ReceiveData  stm32f10x_usart.o
    0x0800115e   0x0800115e   0x00000008   Code   RO         2977    i.USART_SendData    stm32f10x_usart.o
    0x08001166   0x08001166   0x00000004   Code   RO         3791    i.UsageFault_Handler  stm32f10x_it.o
    0x0800116a   0x0800116a   0x0000001e   Code   RO         3522    i.Usart_SendByte    bsp_usart.o
    0x08001188   0x08001188   0x00000094   Code   RO         3742    i.main              main.o
    0x0800121c   0x0800121c   0x0000002c   Code   RO         3686    i.u8g2Init          function.o
    0x08001248   0x08001248   0x0000001a   Code   RO         3952    i.u8g2_ClearBuffer  u8g2_buffer.o
    0x08001262   0x08001262   0x00000062   Code   RO         4164    i.u8g2_DrawGlyph    u8g2_font.o
    0x080012c4   0x080012c4   0x000000dc   Code   RO         4502    i.u8g2_DrawHVLine   u8g2_hvline.o
    0x080013a0   0x080013a0   0x00000024   Code   RO         4166    i.u8g2_DrawStr      u8g2_font.o
    0x080013c4   0x080013c4   0x0000001a   Code   RO         3953    i.u8g2_FirstPage    u8g2_buffer.o
    0x080013de   0x080013de   0x0000003a   Code   RO         4563    i.u8g2_IsIntersection  u8g2_intersection.o
    0x08001418   0x08001418   0x00000040   Code   RO         3954    i.u8g2_NextPage     u8g2_buffer.o
    0x08001458   0x08001458   0x0000001c   Code   RO         3956    i.u8g2_SetBufferCurrTileRow  u8g2_buffer.o
    0x08001474   0x08001474   0x00000020   Code   RO         4183    i.u8g2_SetFont      u8g2_font.o
    0x08001494   0x08001494   0x0000000c   Code   RO         4186    i.u8g2_SetFontPosBaseline  u8g2_font.o
    0x080014a0   0x080014a0   0x00000020   Code   RO         4778    i.u8g2_SetMaxClipWindow  u8g2_setup.o
    0x080014c0   0x080014c0   0x0000005a   Code   RO         4779    i.u8g2_SetupBuffer  u8g2_setup.o
    0x0800151a   0x0800151a   0x00000002   PAD
    0x0800151c   0x0800151c   0x00000044   Code   RO         4150    i.u8g2_Setup_ssd1306_128x64_noname_f  u8g2_d_setup.o
    0x08001560   0x08001560   0x00000088   Code   RO         4193    i.u8g2_UpdateRefHeight  u8g2_font.o
    0x080015e8   0x080015e8   0x0000002a   Code   RO         4194    i.u8g2_add_vector_x  u8g2_font.o
    0x08001612   0x08001612   0x0000002a   Code   RO         4195    i.u8g2_add_vector_y  u8g2_font.o
    0x0800163c   0x0800163c   0x0000007a   Code   RO         4781    i.u8g2_apply_clip_window  u8g2_setup.o
    0x080016b6   0x080016b6   0x0000004c   Code   RO         4506    i.u8g2_clip_intersection2  u8g2_hvline.o
    0x08001702   0x08001702   0x0000002c   Code   RO         4507    i.u8g2_draw_hv_line_2dir  u8g2_hvline.o
    0x0800172e   0x0800172e   0x0000003c   Code   RO         4782    i.u8g2_draw_l90_mirrorr_r0  u8g2_setup.o
    0x0800176a   0x0800176a   0x00000024   Code   RO         4783    i.u8g2_draw_l90_r0  u8g2_setup.o
    0x0800178e   0x0800178e   0x00000044   Code   RO         4784    i.u8g2_draw_l90_r1  u8g2_setup.o
    0x080017d2   0x080017d2   0x00000056   Code   RO         4785    i.u8g2_draw_l90_r2  u8g2_setup.o
    0x08001828   0x08001828   0x00000050   Code   RO         4786    i.u8g2_draw_l90_r3  u8g2_setup.o
    0x08001878   0x08001878   0x0000003c   Code   RO         4787    i.u8g2_draw_mirror_vertical_r0  u8g2_setup.o
    0x080018b4   0x080018b4   0x00000090   Code   RO         4196    i.u8g2_draw_string  u8g2_font.o
    0x08001944   0x08001944   0x00000006   Code   RO         4203    i.u8g2_font_calc_vref_font  u8g2_font.o
    0x0800194a   0x0800194a   0x00000024   Code   RO         4205    i.u8g2_font_decode_get_signed_bits  u8g2_font.o
    0x0800196e   0x0800196e   0x00000042   Code   RO         4206    i.u8g2_font_decode_get_unsigned_bits  u8g2_font.o
    0x080019b0   0x080019b0   0x00000182   Code   RO         4207    i.u8g2_font_decode_glyph  u8g2_font.o
    0x08001b32   0x08001b32   0x000000b0   Code   RO         4208    i.u8g2_font_decode_len  u8g2_font.o
    0x08001be2   0x08001be2   0x0000003a   Code   RO         4209    i.u8g2_font_draw_glyph  u8g2_font.o
    0x08001c1c   0x08001c1c   0x00000008   Code   RO         4210    i.u8g2_font_get_byte  u8g2_font.o
    0x08001c24   0x08001c24   0x00000092   Code   RO         4211    i.u8g2_font_get_glyph_data  u8g2_font.o
    0x08001cb6   0x08001cb6   0x00000018   Code   RO         4212    i.u8g2_font_get_word  u8g2_font.o
    0x08001cce   0x08001cce   0x00000040   Code   RO         4213    i.u8g2_font_setup_decode  u8g2_font.o
    0x08001d0e   0x08001d0e   0x00000030   Code   RO         4564    i.u8g2_is_intersection_decision_tree  u8g2_intersection.o
    0x08001d3e   0x08001d3e   0x000000ee   Code   RO         4612    i.u8g2_ll_hvline_vertical_top_lsb  u8g2_ll_hvline.o
    0x08001e2c   0x08001e2c   0x00000010   Code   RO         4137    i.u8g2_m_16_8_f     u8g2_d_memory.o
    0x08001e3c   0x08001e3c   0x000000e0   Code   RO         4215    i.u8g2_read_font_info  u8g2_font.o
    0x08001f1c   0x08001f1c   0x00000036   Code   RO         3963    i.u8g2_send_buffer  u8g2_buffer.o
    0x08001f52   0x08001f52   0x00000036   Code   RO         3964    i.u8g2_send_tile_row  u8g2_buffer.o
    0x08001f88   0x08001f88   0x00000060   Code   RO         4788    i.u8g2_update_dimension_common  u8g2_setup.o
    0x08001fe8   0x08001fe8   0x0000000c   Code   RO         4789    i.u8g2_update_dimension_r0  u8g2_setup.o
    0x08001ff4   0x08001ff4   0x0000001c   Code   RO         4790    i.u8g2_update_dimension_r1  u8g2_setup.o
    0x08002010   0x08002010   0x0000000c   Code   RO         4791    i.u8g2_update_dimension_r2  u8g2_setup.o
    0x0800201c   0x0800201c   0x0000001c   Code   RO         4792    i.u8g2_update_dimension_r3  u8g2_setup.o
    0x08002038   0x08002038   0x00000020   Code   RO         4793    i.u8g2_update_page_win_r0  u8g2_setup.o
    0x08002058   0x08002058   0x00000020   Code   RO         4794    i.u8g2_update_page_win_r1  u8g2_setup.o
    0x08002078   0x08002078   0x0000003c   Code   RO         4795    i.u8g2_update_page_win_r2  u8g2_setup.o
    0x080020b4   0x080020b4   0x0000003c   Code   RO         4796    i.u8g2_update_page_win_r3  u8g2_setup.o
    0x080020f0   0x080020f0   0x00000032   Code   RO         5611    i.u8x8_DrawTile     u8x8_display.o
    0x08002122   0x08002122   0x00000012   Code   RO         5613    i.u8x8_InitDisplay  u8x8_display.o
    0x08002134   0x08002134   0x00000012   Code   RO         5615    i.u8x8_RefreshDisplay  u8x8_display.o
    0x08002146   0x08002146   0x00000014   Code   RO         5618    i.u8x8_SetPowerSave  u8x8_display.o
    0x0800215a   0x0800215a   0x0000002a   Code   RO         5789    i.u8x8_Setup        u8x8_setup.o
    0x08002184   0x08002184   0x0000002c   Code   RO         5790    i.u8x8_SetupDefaults  u8x8_setup.o
    0x080021b0   0x080021b0   0x00000012   Code   RO         5619    i.u8x8_SetupMemory  u8x8_display.o
    0x080021c2   0x080021c2   0x00000012   Code   RO         5077    i.u8x8_ascii_next   u8x8_8x8.o
    0x080021d4   0x080021d4   0x00000120   Code   RO         5210    i.u8x8_byte_4wire_sw_spi  u8x8_byte.o
    0x080022f4   0x080022f4   0x00000010   Code   RO         5214    i.u8x8_byte_SendByte  u8x8_byte.o
    0x08002304   0x08002304   0x0000001a   Code   RO         5215    i.u8x8_byte_SendBytes  u8x8_byte.o
    0x0800231e   0x0800231e   0x00000014   Code   RO         5216    i.u8x8_byte_SetDC   u8x8_byte.o
    0x08002332   0x08002332   0x0000006c   Code   RO         5345    i.u8x8_cad_001      u8x8_cad.o
    0x0800239e   0x0800239e   0x00000012   Code   RO         5349    i.u8x8_cad_EndTransfer  u8x8_cad.o
    0x080023b0   0x080023b0   0x00000014   Code   RO         5350    i.u8x8_cad_SendArg  u8x8_cad.o
    0x080023c4   0x080023c4   0x00000014   Code   RO         5351    i.u8x8_cad_SendCmd  u8x8_cad.o
    0x080023d8   0x080023d8   0x0000001a   Code   RO         5352    i.u8x8_cad_SendData  u8x8_cad.o
    0x080023f2   0x080023f2   0x0000007c   Code   RO         5354    i.u8x8_cad_SendSequence  u8x8_cad.o
    0x0800246e   0x0800246e   0x00000012   Code   RO         5355    i.u8x8_cad_StartTransfer  u8x8_cad.o
    0x08002480   0x08002480   0x00000060   Code   RO         5620    i.u8x8_d_helper_display_init  u8x8_display.o
    0x080024e0   0x080024e0   0x0000000c   Code   RO         5621    i.u8x8_d_helper_display_setup_memory  u8x8_display.o
    0x080024ec   0x080024ec   0x00000054   Code   RO         5535    i.u8x8_d_ssd1306_128x64_noname  u8x8_d_ssd1306_128x64_noname.o
    0x08002540   0x08002540   0x00000104   Code   RO         5537    i.u8x8_d_ssd1306_sh1106_generic  u8x8_d_ssd1306_128x64_noname.o
    0x08002644   0x08002644   0x00000008   Code   RO         5792    i.u8x8_dummy_cb     u8x8_setup.o
    0x0800264c   0x0800264c   0x0000001a   Code   RO         5711    i.u8x8_gpio_call    u8x8_gpio.o
    0x08002666   0x08002666   0x00000002   PAD
    0x08002668   0x08002668   0x00000128   Code   RO         3687    i.u8x8_stm32_gpio_and_delay  function.o
    0x08002790   0x08002790   0x00000008   Code   RO         5086    i.u8x8_utf8_init    u8x8_8x8.o
    0x08002798   0x08002798   0x00a6c8a9   Data   RO         4488    .constdata          u8g2_fonts.o
    0x08a6f041   0x08a6f041   0x00000003   PAD
    0x08a6f044   0x08a6f044   0x00000048   Data   RO         4797    .constdata          u8g2_setup.o
    0x08a6f08c   0x08a6f08c   0x00000158   Data   RO         5539    .constdata          u8x8_d_ssd1306_128x64_noname.o
    0x08a6f1e4   0x08a6f1e4   0x0000001c   Data   RO         3524    .conststring        bsp_usart.o
    0x08a6f200   0x08a6f200   0x00000020   Data   RO         6182    Region$$Table       anon$$obj.o


    Execution Region ER_RW (Exec base: 0x20000000, Load base: 0x08a6f220, Size: 0x0000002c, Max: 0xffffffff, ABSOLUTE)

    Exec Addr    Load Addr    Size         Type   Attr      Idx    E Section Name        Object

    0x20000000   0x08a6f220   0x00000014   Data   RW         1805    .data               stm32f10x_rcc.o
    0x20000014   0x08a6f234   0x00000004   Data   RW         3237    .data               timer.o
    0x20000018   0x08a6f238   0x00000013   Data   RW         3525    .data               bsp_usart.o


    Execution Region ER_ZI (Exec base: 0x2000002c, Load base: 0x08a6f24c, Size: 0x00000b2c, Max: 0xffffffff, ABSOLUTE)

    Exec Addr    Load Addr    Size         Type   Attr      Idx    E Section Name        Object

    0x2000002c        -       0x000000c8   Zero   RW         3523    .bss                bsp_usart.o
    0x200000f4        -       0x00000400   Zero   RW         4138    .bss                u8g2_d_memory.o
    0x200004f4        -       0x00000060   Zero   RW         6061    .bss                c_w.l(libspace.o)
    0x20000554   0x08a6f24c   0x00000004   PAD
    0x20000558        -       0x00000200   Zero   RW          131    HEAP                startup_stm32f10x_md.o
    0x20000758        -       0x00000400   Zero   RW          130    STACK               startup_stm32f10x_md.o


==============================================================================

Image component sizes


      Code (inc. data)   RO Data    RW Data    ZI Data      Debug   Object Name

       588         50         28         19        200     382719   bsp_usart.o
         0          0          0          0          0       4540   core_cm3.o
        70          0          0          0          0        874   delay.o
       352         20          0          0          0       2570   dh11.o
       564         32          0          0          0       3735   function.o
       148         34          0          0          0        503   main.o
       132         22          0          0          0     204211   misc.o
        64         26        236          0       1536        768   startup_stm32f10x_md.o
         0          0          0          0          0       1632   stm32f10x_adc.o
       216         22          0          0          0       4551   stm32f10x_exti.o
       368          4          0          0          0      12314   stm32f10x_gpio.o
        26          0          0          0          0       3506   stm32f10x_it.o
       276         32          0         20          0      12930   stm32f10x_rcc.o
       264         42          0          0          0      24516   stm32f10x_tim.o
       460          6          0          0          0      12267   stm32f10x_usart.o
       328         28          0          0          0      39145   system_stm32f10x.o
       152          6          0          4          0       1517   timer.o
         0          0          0          0          0     159761   u8g2_arc.o
       252          0          0          0          0       3720   u8g2_buffer.o
        16          6          0          0       1024        824   u8g2_d_memory.o
        68         14          0          0          0       1041   u8g2_d_setup.o
      1736         10          0          0          0      12568   u8g2_font.o
         0          0   10930345          0          0     145334   u8g2_fonts.o
       340          0          0          0          0       2483   u8g2_hvline.o
       106          0          0          0          0       1423   u8g2_intersection.o
       238          0          0          0          0       1390   u8g2_ll_hvline.o
       994          0         72          0          0     152988   u8g2_setup.o
        26          0          0          0          0        951   u8x8_8x8.o
       350          0          0          0          0       2986   u8x8_byte.o
       334          6          0          0          0       4329   u8x8_cad.o
       344         26        344          0          0       3043   u8x8_d_ssd1306_128x64_noname.o
       232          0          0          0          0       4006   u8x8_display.o
        26          0          0          0          0        553   u8x8_gpio.o
        94          6          0          0          0       1722   u8x8_setup.o

    ----------------------------------------------------------------------
      9176        392   10931060         44       2760    1211420   Object Totals
         0          0         32          0          0          0   (incl. Generated)
        12          0          3          1          0          0   (incl. Padding)

    ----------------------------------------------------------------------

      Code (inc. data)   RO Data    RW Data    ZI Data      Debug   Library Member Name

         8          0          0          0          0         68   __main.o
         0          0          0          0          0          0   __rtentry.o
        12          0          0          0          0          0   __rtentry2.o
         6          0          0          0          0          0   __rtentry4.o
        52          8          0          0          0          0   __scatter.o
        26          0          0          0          0          0   __scatter_copy.o
        28          0          0          0          0          0   __scatter_zi.o
        18          0          0          0          0         80   exit.o
         6          0          0          0          0        152   heapauxi.o
         0          0          0          0          0          0   indicate_semi.o
         2          0          0          0          0          0   libinit.o
         2          0          0          0          0          0   libinit2.o
         2          0          0          0          0          0   libshutdown.o
         2          0          0          0          0          0   libshutdown2.o
         8          4          0          0         96         68   libspace.o
        68          0          0          0          0         68   rt_memclr.o
        78          0          0          0          0         80   rt_memclr_w.o
       138          0          0          0          0         68   rt_memcpy_v6.o
       100          0          0          0          0         80   rt_memcpy_w.o
         2          0          0          0          0          0   rtexit.o
        10          0          0          0          0          0   rtexit2.o
        62          0          0          0          0         76   strlen.o
        12          4          0          0          0         68   sys_exit.o
        74          0          0          0          0         80   sys_stackheap_outer.o
         2          0          0          0          0         68   use_no_semi.o

    ----------------------------------------------------------------------
       724         16          0          0        100        956   Library Totals
         6          0          0          0          4          0   (incl. Padding)

    ----------------------------------------------------------------------

      Code (inc. data)   RO Data    RW Data    ZI Data      Debug   Library Name

       718         16          0          0         96        956   c_w.l

    ----------------------------------------------------------------------
       724         16          0          0        100        956   Library Totals

    ----------------------------------------------------------------------

==============================================================================


      Code (inc. data)   RO Data    RW Data    ZI Data      Debug   

      9900        408   10931060         44       2860    1205092   Grand Totals
      9900        408   10931060         44       2860    1205092   ELF Image Totals
      9900        408   10931060         44          0          0   ROM Totals

==============================================================================

    Total RO  Size (Code + RO Data)             10940960 (10684.53kB)
    Total RW  Size (RW Data + ZI Data)              2904 (   2.84kB)
    Total ROM Size (Code + RO Data + RW Data)   10941004 (10684.57kB)

==============================================================================

